Archive member included to satisfy reference by file (symbol)

/usr/lib/gcc/arm-none-eabi/14.2.0/../../../../arm-none-eabi/lib/thumb/v8-m.main+fp/softfp/libm.a(libm_a-wf_sqrt.o)
                              CMakeFiles/LogicAnalyzer.dir/usr/share/pico-sdk/src/rp2_common/pico_float/float_math.c.o (sqrtf)
/usr/lib/gcc/arm-none-eabi/14.2.0/../../../../arm-none-eabi/lib/thumb/v8-m.main+fp/softfp/libm.a(libm_a-ef_sqrt.o)
                              /usr/lib/gcc/arm-none-eabi/14.2.0/../../../../arm-none-eabi/lib/thumb/v8-m.main+fp/softfp/libm.a(libm_a-wf_sqrt.o) (__ieee754_sqrtf)
/usr/lib/gcc/arm-none-eabi/14.2.0/thumb/v8-m.main+fp/softfp/libgcc.a(_arm_addsubdf3.o)
                              CMakeFiles/LogicAnalyzer.dir/LogicAnalyzer.c.o (__aeabi_f2d)
/usr/lib/gcc/arm-none-eabi/14.2.0/thumb/v8-m.main+fp/softfp/libgcc.a(_aeabi_ldivmod.o)
                              CMakeFiles/LogicAnalyzer.dir/usr/share/pico-sdk/src/common/pico_time/time.c.o (__aeabi_ldivmod)
/usr/lib/gcc/arm-none-eabi/14.2.0/thumb/v8-m.main+fp/softfp/libgcc.a(_aeabi_uldivmod.o)
                              CMakeFiles/LogicAnalyzer.dir/usr/share/pico-sdk/src/rp2_common/hardware_clocks/clocks.c.o (__aeabi_uldivmod)
/usr/lib/gcc/arm-none-eabi/14.2.0/thumb/v8-m.main+fp/softfp/libgcc.a(_udivmoddi4.o)
                              /usr/lib/gcc/arm-none-eabi/14.2.0/thumb/v8-m.main+fp/softfp/libgcc.a(_aeabi_ldivmod.o) (__udivmoddi4)
/usr/lib/gcc/arm-none-eabi/14.2.0/thumb/v8-m.main+fp/softfp/libgcc.a(_dvmd_tls.o)
                              /usr/lib/gcc/arm-none-eabi/14.2.0/thumb/v8-m.main+fp/softfp/libgcc.a(_aeabi_ldivmod.o) (__aeabi_ldiv0)
/usr/lib/gcc/arm-none-eabi/14.2.0/../../../../arm-none-eabi/lib/thumb/v8-m.main+fp/softfp/libg.a(libc_a-atexit.o)
                              /usr/lib/gcc/arm-none-eabi/14.2.0/../../../../arm-none-eabi/lib/thumb/v8-m.main+fp/softfp/crt0.o (atexit)
/usr/lib/gcc/arm-none-eabi/14.2.0/../../../../arm-none-eabi/lib/thumb/v8-m.main+fp/softfp/libg.a(libc_a-atoi.o)
                              CMakeFiles/LogicAnalyzer.dir/usr/share/pico-sdk/lib/lwip/src/core/netif.c.o (atoi)
/usr/lib/gcc/arm-none-eabi/14.2.0/../../../../arm-none-eabi/lib/thumb/v8-m.main+fp/softfp/libg.a(libc_a-calloc.o)
                              CMakeFiles/LogicAnalyzer.dir/usr/share/pico-sdk/src/rp2_common/pico_malloc/malloc.c.o (calloc)
/usr/lib/gcc/arm-none-eabi/14.2.0/../../../../arm-none-eabi/lib/thumb/v8-m.main+fp/softfp/libg.a(libc_a-callocr.o)
                              /usr/lib/gcc/arm-none-eabi/14.2.0/../../../../arm-none-eabi/lib/thumb/v8-m.main+fp/softfp/libg.a(libc_a-calloc.o) (_calloc_r)
/usr/lib/gcc/arm-none-eabi/14.2.0/../../../../arm-none-eabi/lib/thumb/v8-m.main+fp/softfp/libg.a(libc_a-malloc.o)
                              CMakeFiles/LogicAnalyzer.dir/usr/share/pico-sdk/src/rp2_common/pico_malloc/malloc.c.o (malloc)
/usr/lib/gcc/arm-none-eabi/14.2.0/../../../../arm-none-eabi/lib/thumb/v8-m.main+fp/softfp/libg.a(libc_a-mallocr.o)
                              /usr/lib/gcc/arm-none-eabi/14.2.0/../../../../arm-none-eabi/lib/thumb/v8-m.main+fp/softfp/libg.a(libc_a-callocr.o) (_malloc_r)
/usr/lib/gcc/arm-none-eabi/14.2.0/../../../../arm-none-eabi/lib/thumb/v8-m.main+fp/softfp/libg.a(libc_a-mlock.o)
                              /usr/lib/gcc/arm-none-eabi/14.2.0/../../../../arm-none-eabi/lib/thumb/v8-m.main+fp/softfp/libg.a(libc_a-mallocr.o) (__malloc_lock)
/usr/lib/gcc/arm-none-eabi/14.2.0/../../../../arm-none-eabi/lib/thumb/v8-m.main+fp/softfp/libg.a(libc_a-realloc.o)
                              CMakeFiles/LogicAnalyzer.dir/usr/share/pico-sdk/src/rp2_common/pico_malloc/malloc.c.o (realloc)
/usr/lib/gcc/arm-none-eabi/14.2.0/../../../../arm-none-eabi/lib/thumb/v8-m.main+fp/softfp/libg.a(libc_a-reallocr.o)
                              /usr/lib/gcc/arm-none-eabi/14.2.0/../../../../arm-none-eabi/lib/thumb/v8-m.main+fp/softfp/libg.a(libc_a-realloc.o) (_realloc_r)
/usr/lib/gcc/arm-none-eabi/14.2.0/../../../../arm-none-eabi/lib/thumb/v8-m.main+fp/softfp/libg.a(libc_a-strtol.o)
                              /usr/lib/gcc/arm-none-eabi/14.2.0/../../../../arm-none-eabi/lib/thumb/v8-m.main+fp/softfp/libg.a(libc_a-atoi.o) (_strtol_r)
/usr/lib/gcc/arm-none-eabi/14.2.0/../../../../arm-none-eabi/lib/thumb/v8-m.main+fp/softfp/libg.a(libc_a-ctype_.o)
                              CMakeFiles/LogicAnalyzer.dir/usr/share/pico-sdk/lib/tinyusb/src/tusb.c.o (_ctype_)
/usr/lib/gcc/arm-none-eabi/14.2.0/../../../../arm-none-eabi/lib/thumb/v8-m.main+fp/softfp/libg.a(libc_a-memcmp.o)
                              CMakeFiles/LogicAnalyzer.dir/usr/share/pico-sdk/src/rp2_common/pico_atomic/atomic.c.o (memcmp)
/usr/lib/gcc/arm-none-eabi/14.2.0/../../../../arm-none-eabi/lib/thumb/v8-m.main+fp/softfp/libg.a(libc_a-memmove.o)
                              CMakeFiles/LogicAnalyzer.dir/usr/share/pico-sdk/lib/lwip/src/core/def.c.o (memmove)
/usr/lib/gcc/arm-none-eabi/14.2.0/../../../../arm-none-eabi/lib/thumb/v8-m.main+fp/softfp/libg.a(libc_a-memset.o)
[...]
Memory Configuration

Name             Origin             Length             Attributes
FLASH            0x10000000         0x00400000         xr
RAM              0x20000000         0x00080000         xrw
SCRATCH_X        0x20080000         0x00001000         xrw
SCRATCH_Y        0x20081000         0x00001000         xrw
*default*        0x00000000         0xffffffff

Linker script and memory map

LOAD /usr/lib/gcc/arm-none-eabi/14.2.0/thumb/v8-m.main+fp/softfp/crti.o
LOAD /usr/lib/gcc/arm-none-eabi/14.2.0/thumb/v8-m.main+fp/softfp/crtbegin.o
LOAD /usr/lib/gcc/arm-none-eabi/14.2.0/../../../../arm-none-eabi/lib/thumb/v8-m.main+fp/softfp/crt0.o

.flash_begin    0x10000000        0x0
                0x10000000                        __flash_binary_start = .

.text           0x10000000    0x17d48
                0x10000000                        __logical_binary_start = .
 *(.vectors)
 .vectors       0x10000000      0x124 CMakeFiles/LogicAnalyzer.dir/usr/share/pico-sdk/src/rp2_common/pico_crt0/crt0.S.o
                0x10000000                __vectors
                0x10000000                __VECTOR_TABLE
                0x10000110                DebugMon_Handler
                0x10000110                UART0_IRQ_Handler
                0x10000110                __unhandled_user_irq
                0x10000110                TIMER1_IRQ_1_Handler
                0x10000110                TRNG_IRQ_Handler
                0x10000110                isr_irq49
                0x10000110                PLL_SYS_IRQ_Handler
                0x10000110                IO_IRQ_BANK0_Handler
                0x10000110                PIO0_IRQ_0_Handler
                0x10000110                USBCTRL_IRQ_Handler
                0x10000110                SPI1_IRQ_Handler
                0x10000110                POWMAN_IRQ_POW_Handler
                0x10000110                DMA_IRQ_2_Handler
                0x10000110                PIO1_IRQ_1_Handler
                0x10000110                POWMAN_IRQ_TIMER_Handler
                0x10000110                DMA_IRQ_1_Handler
                0x10000110                SIO_IRQ_FIFO_Handler
                0x10000110                UsageFault_Handler
                0x10000110                PLL_USB_IRQ_Handler
                0x10000110                TIMER0_IRQ_2_Handler
                0x10000110                I2C1_IRQ_Handler
                0x10000110                IO_IRQ_BANK0_NS_Handler
                0x10000110                isr_irq48
                0x10000110                PIO2_IRQ_1_Handler
                0x10000110                PWM_IRQ_WRAP_0_Handler
                0x10000110                isr_irq50
                0x10000110                TIMER1_IRQ_0_Handler
                0x10000110                isr_irq40
                0x10000110                SPI0_IRQ_Handler
                0x10000110                PWM_IRQ_WRAP_1_Handler
                0x10000110                SIO_IRQ_BELL_Handler
                0x10000110                isr_irq41
                0x10000110                OTP_IRQ_Handler
                0x10000110                PIO0_IRQ_1_Handler
                0x10000110                I2C0_IRQ_Handler
                0x10000110                SIO_IRQ_FIFO_NS_Handler
                0x10000110                SecureFault_Handler
                0x10000110                SIO_IRQ_BELL_NS_Handler
                0x10000110                SIO_IRQ_MTIMECMP_Handler
                0x10000110                __vectors_end
                0x10000110                UART1_IRQ_Handler
                0x10000110                __default_isrs_start
                0x10000110                DMA_IRQ_0_Handler
                0x10000110                CLOCKS_IRQ_Handler
                0x10000110                PIO1_IRQ_0_Handler
                0x10000110                MemManage_Handler
                0x10000110                PIO2_IRQ_0_Handler
                0x10000110                isr_irq46
                0x10000110                ADC_IRQ_FIFO_Handler
                0x10000110                isr_irq47
                0x10000110                isr_irq51
                0x10000110                IO_IRQ_QSPI_Handler
                0x10000110                TIMER1_IRQ_3_Handler
                0x10000110                TIMER0_IRQ_0_Handler
                0x10000110                IO_IRQ_QSPI_NS_Handler
                0x10000110                BusFault_Handler
                0x10000110                TIMER0_IRQ_3_Handler
                0x10000110                TIMER1_IRQ_2_Handler
                0x10000110                TIMER0_IRQ_1_Handler
                0x10000110                DMA_IRQ_3_Handler
                0x10000116                unhandled_user_irq_num_in_r0
                0x10000118                isr_invalid
                0x1000011a                NMI_Handler
                0x1000011c                HardFault_Handler
                0x1000011e                SVC_Handler
                0x10000120                PendSV_Handler
                0x10000122                SysTick_Handler
                0x10000124                __default_isrs_end
 *(.binary_info_header)
 .binary_info_header
                0x10000124       0x14 CMakeFiles/LogicAnalyzer.dir/usr/share/pico-sdk/src/rp2_common/pico_crt0/crt0.S.o
                0x10000138                        __binary_info_header_end = .
 *(.embedded_block)
 .embedded_block
                0x10000138       0x14 CMakeFiles/LogicAnalyzer.dir/usr/share/pico-sdk/src/rp2_common/pico_crt0/crt0.S.o
                0x1000014c                        __embedded_block_end = .
 *(.reset)
 .reset         0x1000014c       0x98 CMakeFiles/LogicAnalyzer.dir/usr/share/pico-sdk/src/rp2_common/pico_crt0/crt0.S.o
                0x1000014c                _entry_point
 *(.init)
 .init          0x100001e4        0x4 /usr/lib/gcc/arm-none-eabi/14.2.0/thumb/v8-m.main+fp/softfp/crti.o
                0x100001e4                _init
 *libgcc.a:cmse_nonsecure_call.o()
 *(EXCLUDE_FILE(*libm.a: *libc.a:*lib_a-mem*.o *libgcc.a:) .text*)
 .text.frame_dummy
                0x100001e8       0x1c /usr/lib/gcc/arm-none-eabi/14.2.0/thumb/v8-m.main+fp/softfp/crtbegin.o
 .text.queue_get_level
                0x10000204       0x42 CMakeFiles/LogicAnalyzer.dir/Event_Machine.c.o
 .text.queue_init
                0x10000246       0x1a CMakeFiles/LogicAnalyzer.dir/Event_Machine.c.o
 .text.event_machine_init
                0x10000260       0x12 CMakeFiles/LogicAnalyzer.dir/Event_Machine.c.o
                0x10000260                event_machine_init
 .text.event_push
                0x10000272        0x8 CMakeFiles/LogicAnalyzer.dir/Event_Machine.c.o
                0x10000272                event_push
 .text.event_process_queue
                0x1000027a       0x32 CMakeFiles/LogicAnalyzer.dir/Event_Machine.c.o
                0x1000027a                event_process_queue
 .text.set_sys_clock_khz
                0x100002ac       0x38 CMakeFiles/LogicAnalyzer.dir/LogicAnalyzer.c.o
 *fill*         0x100002e4        0x4 
 .text.storeSettings
                0x100002e8       0x8c CMakeFiles/LogicAnalyzer.dir/LogicAnalyzer.c.o
                0x100002e8                storeSettings
 .text.sendResponse
                0x10000374       0x70 CMakeFiles/LogicAnalyzer.dir/LogicAnalyzer.c.o
                0x10000374                sendResponse
 .text.usb_bulk_transfer_blocking
                0x100003e4       0x24 CMakeFiles/LogicAnalyzer.dir/LogicAnalyzer.c.o
                0x100003e4                usb_bulk_transfer_blocking
 .text.wifi_transfer
                0x10000408       0x48 CMakeFiles/LogicAnalyzer.dir/LogicAnalyzer.c.o
                0x10000408                wifi_transfer
 .text.processData
                0x10000450      0x510 CMakeFiles/LogicAnalyzer.dir/LogicAnalyzer.c.o
                0x10000450                processData
 .text.usbInputEvent
                0x10000960       0x50 CMakeFiles/LogicAnalyzer.dir/LogicAnalyzer.c.o
                0x10000960                usbInputEvent
 .text.sendPowerStatus
                0x100009b0       0x60 CMakeFiles/LogicAnalyzer.dir/LogicAnalyzer.c.o
                0x100009b0                sendPowerStatus
 .text.wifiEvent
                0x10000a10       0x74 CMakeFiles/LogicAnalyzer.dir/LogicAnalyzer.c.o
                0x10000a10                wifiEvent
 .text.processWiFiInput
                0x10000a84       0x28 CMakeFiles/LogicAnalyzer.dir/LogicAnalyzer.c.o
                0x10000a84                processWiFiInput
 .text.processInput
                0x10000aac       0x1c CMakeFiles/LogicAnalyzer.dir/LogicAnalyzer.c.o
                0x10000aac                processInput
 .text.processCancel
                0x10000ac8       0x64 CMakeFiles/LogicAnalyzer.dir/LogicAnalyzer.c.o
                0x10000ac8                processCancel
 .text.main     0x10000b2c      0x324 CMakeFiles/LogicAnalyzer.dir/LogicAnalyzer.c.o
                0x10000b2c                main
 .text.sm_config_set_clkdiv
                0x10000e50       0x5c CMakeFiles/LogicAnalyzer.dir/LogicAnalyzer_Capture.c.o
 .text.pio_get_default_sm_config
                0x10000eac       0x24 CMakeFiles/LogicAnalyzer.dir/LogicAnalyzer_Capture.c.o
 .text.BLAST_CAPTURE_program_get_default_config
                0x10000ed0       0x20 CMakeFiles/LogicAnalyzer.dir/LogicAnalyzer_Capture.c.o
 .text.POSITIVE_CAPTURE_program_get_default_config
                0x10000ef0       0x22 CMakeFiles/LogicAnalyzer.dir/LogicAnalyzer_Capture.c.o
 .text.NEGATIVE_CAPTURE_program_get_default_config
                0x10000f12       0x22 CMakeFiles/LogicAnalyzer.dir/LogicAnalyzer_Capture.c.o
 .text.POSITIVE_CAPTURE_MEASUREBURSTS_program_get_default_config
                0x10000f34       0x22 CMakeFiles/LogicAnalyzer.dir/LogicAnalyzer_Capture.c.o
 .text.NEGATIVE_CAPTURE_MEASUREBURSTS_program_get_default_config
                0x10000f56       0x22 CMakeFiles/LogicAnalyzer.dir/LogicAnalyzer_Capture.c.o
 .text.COMPLEX_CAPTURE_program_get_default_config
                0x10000f78       0x22 CMakeFiles/LogicAnalyzer.dir/LogicAnalyzer_Capture.c.o
 .text.FAST_CAPTURE_program_get_default_config
                0x10000f9a       0x22 CMakeFiles/LogicAnalyzer.dir/LogicAnalyzer_Capture.c.o
 .text.COMPLEX_TRIGGER_program_get_default_config
                0x10000fbc       0x22 CMakeFiles/LogicAnalyzer.dir/LogicAnalyzer_Capture.c.o
 .text.FAST_TRIGGER_program_get_default_config
                0x10000fde       0x34 CMakeFiles/LogicAnalyzer.dir/LogicAnalyzer_Capture.c.o
 *fill*         0x10001012        0x2 
 .text.blast_capture_completed
                0x10001014       0xa0 CMakeFiles/LogicAnalyzer.dir/LogicAnalyzer_Capture.c.o
                0x10001014                blast_capture_completed
 .text.channel_config_set_chain_to
                0x100010b4       0x30 CMakeFiles/LogicAnalyzer.dir/LogicAnalyzer_Capture.c.o
 .text.dma_channel_get_default_config
                0x100010e4       0x78 CMakeFiles/LogicAnalyzer.dir/LogicAnalyzer_Capture.c.o
 .text.channel_config_set_transfer_data_size
                0x1000115c       0x30 CMakeFiles/LogicAnalyzer.dir/LogicAnalyzer_Capture.c.o
 .text.channel_config_set_dreq
                0x1000118c       0x30 CMakeFiles/LogicAnalyzer.dir/LogicAnalyzer_Capture.c.o
 .text.create_fast_trigger_program
                0x100011bc       0x4c CMakeFiles/LogicAnalyzer.dir/LogicAnalyzer_Capture.c.o
                0x100011bc                create_fast_trigger_program
 .text.find_capture_tail
                0x10001208       0x80 CMakeFiles/LogicAnalyzer.dir/LogicAnalyzer_Capture.c.o
                0x10001208                find_capture_tail
 .text.disable_gpios
                0x10001288       0x40 CMakeFiles/LogicAnalyzer.dir/LogicAnalyzer_Capture.c.o
                0x10001288                disable_gpios
 .text.abort_DMAs
                0x100012c8       0x94 CMakeFiles/LogicAnalyzer.dir/LogicAnalyzer_Capture.c.o
                0x100012c8                abort_DMAs
 .text.complex_capture_completed
                0x1000135c       0xa8 CMakeFiles/LogicAnalyzer.dir/LogicAnalyzer_Capture.c.o
                0x1000135c                complex_capture_completed
 .text.simple_capture_completed
                0x10001404       0xdc CMakeFiles/LogicAnalyzer.dir/LogicAnalyzer_Capture.c.o
                0x10001404                simple_capture_completed
 .text.fast_capture_completed
                0x100014e0       0x98 CMakeFiles/LogicAnalyzer.dir/LogicAnalyzer_Capture.c.o
                0x100014e0                fast_capture_completed
 .text.check_fast_interrupt
                0x10001578       0x28 CMakeFiles/LogicAnalyzer.dir/LogicAnalyzer_Capture.c.o
                0x10001578                check_fast_interrupt
 .text.configureBlastDMA
                0x100015a0       0xcc CMakeFiles/LogicAnalyzer.dir/LogicAnalyzer_Capture.c.o
                0x100015a0                configureBlastDMA
 .text.configureCaptureDMAs
                0x1000166c      0x170 CMakeFiles/LogicAnalyzer.dir/LogicAnalyzer_Capture.c.o
                0x1000166c                configureCaptureDMAs
 .text.StopCapture
                0x100017dc       0x68 CMakeFiles/LogicAnalyzer.dir/LogicAnalyzer_Capture.c.o
                0x100017dc                StopCapture
 .text.StartCaptureFast
                0x10001844      0x3bc CMakeFiles/LogicAnalyzer.dir/LogicAnalyzer_Capture.c.o
                0x10001844                StartCaptureFast
 .text.StartCaptureComplex
                0x10001c00      0x3f8 CMakeFiles/LogicAnalyzer.dir/LogicAnalyzer_Capture.c.o
                0x10001c00                StartCaptureComplex
 .text.StartCaptureBlast
                0x10001ff8      0x284 CMakeFiles/LogicAnalyzer.dir/LogicAnalyzer_Capture.c.o
                0x10001ff8                StartCaptureBlast
 .text.StartCaptureSimple
                0x1000227c      0x3e8 CMakeFiles/LogicAnalyzer.dir/LogicAnalyzer_Capture.c.o
                0x1000227c                StartCaptureSimple
 .text.IsCapturing
                0x10002664       0x10 CMakeFiles/LogicAnalyzer.dir/LogicAnalyzer_Capture.c.o
                0x10002664                IsCapturing
 .text.GetBuffer
                0x10002674      0x2b4 CMakeFiles/LogicAnalyzer.dir/LogicAnalyzer_Capture.c.o
                0x10002674                GetBuffer
 .text.GetTimestamps
                0x10002928       0x14 CMakeFiles/LogicAnalyzer.dir/LogicAnalyzer_Capture.c.o
                0x10002928                GetTimestamps
 .text.sm_config_set_clkdiv
                0x1000293c       0x5c CMakeFiles/LogicAnalyzer.dir/LogicAnalyzer_Stream.c.o
 .text.pio_get_default_sm_config
                0x10002998       0x24 CMakeFiles/LogicAnalyzer.dir/LogicAnalyzer_Stream.c.o
 .text.BLAST_CAPTURE_program_get_default_config
                0x100029bc       0x20 CMakeFiles/LogicAnalyzer.dir/LogicAnalyzer_Stream.c.o
 .text.setup_stream_pio
                0x100029dc      0x13c CMakeFiles/LogicAnalyzer.dir/LogicAnalyzer_Stream.c.o
 .text.channel_config_set_transfer_data_size
                0x10002b18       0x30 CMakeFiles/LogicAnalyzer.dir/LogicAnalyzer_Stream.c.o
 .text.channel_config_set_dreq
                0x10002b48       0x30 CMakeFiles/LogicAnalyzer.dir/LogicAnalyzer_Stream.c.o
 .text.channel_config_set_chain_to
                0x10002b78       0x30 CMakeFiles/LogicAnalyzer.dir/LogicAnalyzer_Stream.c.o
 .text.dma_channel_get_default_config
                0x10002ba8       0x78 CMakeFiles/LogicAnalyzer.dir/LogicAnalyzer_Stream.c.o
 .text.configure_stream_dma
                0x10002c20      0x144 CMakeFiles/LogicAnalyzer.dir/LogicAnalyzer_Stream.c.o
 .text.stream_send_chunk
                0x10002d64       0x44 CMakeFiles/LogicAnalyzer.dir/LogicAnalyzer_Stream.c.o
 .text.stream_send_skip_report
                0x10002da8       0xa0 CMakeFiles/LogicAnalyzer.dir/LogicAnalyzer_Stream.c.o
 .text.stream_send_eof
                0x10002e48       0x2c CMakeFiles/LogicAnalyzer.dir/LogicAnalyzer_Stream.c.o
 .text.StartStream
                0x10002e74      0x1dc CMakeFiles/LogicAnalyzer.dir/LogicAnalyzer_Stream.c.o
                0x10002e74                StartStream
 .text.StopStream
                0x10003050        0xc CMakeFiles/LogicAnalyzer.dir/LogicAnalyzer_Stream.c.o
                0x10003050                StopStream
 .text.RunCompressionLoop
                0x1000305c      0x108 CMakeFiles/LogicAnalyzer.dir/LogicAnalyzer_Stream.c.o
                0x1000305c                RunCompressionLoop
 .text.stream_process_transmit
                0x10003164      0x134 CMakeFiles/LogicAnalyzer.dir/LogicAnalyzer_Stream.c.o
                0x10003164                stream_process_transmit
 .text.CleanupStream
                0x10003298       0xc8 CMakeFiles/LogicAnalyzer.dir/LogicAnalyzer_Stream.c.o
                0x10003298                CleanupStream
 .text.adc_gpio_init
                0x10003360       0x1e CMakeFiles/LogicAnalyzer.dir/LogicAnalyzer_WiFi.c.o
 *fill*         0x1000337e        0x2 
 .text.acceptConnection
                0x10003380       0x74 CMakeFiles/LogicAnalyzer.dir/LogicAnalyzer_WiFi.c.o
                0x10003380                acceptConnection
 .text.usbSendEvent
                0x100033f4       0x50 CMakeFiles/LogicAnalyzer.dir/LogicAnalyzer_WiFi.c.o
 .text.usb_process_input
                0x10003444       0x84 CMakeFiles/LogicAnalyzer.dir/LogicAnalyzer_WiFi.c.o
 .text.getPowerStatus
                0x100034c8       0xbc CMakeFiles/LogicAnalyzer.dir/LogicAnalyzer_WiFi.c.o
                0x100034c8                getPowerStatus
 .text.readSettings
                0x10003584       0x18 CMakeFiles/LogicAnalyzer.dir/LogicAnalyzer_WiFi.c.o
                0x10003584                readSettings
 .text.stopServer
                0x1000359c       0x18 CMakeFiles/LogicAnalyzer.dir/LogicAnalyzer_WiFi.c.o
                0x1000359c                stopServer
 .text.killClient
                0x100035b4       0x3c CMakeFiles/LogicAnalyzer.dir/LogicAnalyzer_WiFi.c.o
                0x100035b4                killClient
 .text.serverError
                0x100035f0       0x20 CMakeFiles/LogicAnalyzer.dir/LogicAnalyzer_WiFi.c.o
                0x100035f0                serverError
 .text.serverReceiveData
                0x10003610       0x78 CMakeFiles/LogicAnalyzer.dir/LogicAnalyzer_WiFi.c.o
                0x10003610                serverReceiveData
 .text.sendData
                0x10003688       0x50 CMakeFiles/LogicAnalyzer.dir/LogicAnalyzer_WiFi.c.o
                0x10003688                sendData
 .text.tryStartServer
                0x100036d8       0x48 CMakeFiles/LogicAnalyzer.dir/LogicAnalyzer_WiFi.c.o
                0x100036d8                tryStartServer
 .text.tryConnectAP
                0x10003720       0x60 CMakeFiles/LogicAnalyzer.dir/LogicAnalyzer_WiFi.c.o
                0x10003720                tryConnectAP
 .text.disconnectAP
                0x10003780       0x24 CMakeFiles/LogicAnalyzer.dir/LogicAnalyzer_WiFi.c.o
                0x10003780                disconnectAP
 .text.frontendEvent
                0x100037a4       0x50 CMakeFiles/LogicAnalyzer.dir/LogicAnalyzer_WiFi.c.o
                0x100037a4                frontendEvent
 .text.processWifiMachine
                0x100037f4       0xd4 CMakeFiles/LogicAnalyzer.dir/LogicAnalyzer_WiFi.c.o
                0x100037f4                processWifiMachine
 .text.usb_cdc_write_bulk_ext
                0x100038c8       0x46 CMakeFiles/LogicAnalyzer.dir/LogicAnalyzer_WiFi.c.o
                0x100038c8                usb_cdc_write_bulk_ext
 *fill*         0x1000390e        0x2 
 .text.usb_send_bulk_transfer
                0x10003910       0x24 CMakeFiles/LogicAnalyzer.dir/LogicAnalyzer_WiFi.c.o
 .text.runWiFiCore
                0x10003934       0xb0 CMakeFiles/LogicAnalyzer.dir/LogicAnalyzer_WiFi.c.o
                0x10003934                runWiFiCore
 .text.bw_put4  0x100039e4       0x30 CMakeFiles/LogicAnalyzer.dir/stream_compress.c.o
 .text.bw_flush
                0x10003a14       0x24 CMakeFiles/LogicAnalyzer.dir/stream_compress.c.o
 .text.transpose8x8
                0x10003a38       0xc2 CMakeFiles/LogicAnalyzer.dir/stream_compress.c.o
 *fill*         0x10003afa        0x2 
 .text.transpose_chunk_8ch
                0x10003afc       0x48 CMakeFiles/LogicAnalyzer.dir/stream_compress.c.o
 .text.transpose_chunk_16ch
                0x10003b44       0x90 CMakeFiles/LogicAnalyzer.dir/stream_compress.c.o
 .text.transpose_chunk_24ch
                0x10003bd4       0xcc CMakeFiles/LogicAnalyzer.dir/stream_compress.c.o
 .text.count_run
                0x10003ca0       0x70 CMakeFiles/LogicAnalyzer.dir/stream_compress.c.o
 .text.encode_channel
                0x10003d10      0x1f0 CMakeFiles/LogicAnalyzer.dir/stream_compress.c.o
 .text.stream_compress_init
                0x10003f00        0xc CMakeFiles/LogicAnalyzer.dir/stream_compress.c.o
                0x10003f00                stream_compress_init
 .text.stream_compress_deinit
                0x10003f0c        0xc CMakeFiles/LogicAnalyzer.dir/stream_compress.c.o
                0x10003f0c                stream_compress_deinit
 .text.stream_compress_chunk_mapped
                0x10003f18      0x104 CMakeFiles/LogicAnalyzer.dir/stream_compress.c.o
                0x10003f18                stream_compress_chunk_mapped
 .text._gpio_set_irq_enabled
                0x1000401c       0x38 CMakeFiles/LogicAnalyzer.dir/usr/share/pico-sdk/src/rp2_common/hardware_gpio/gpio.c.o
 .text.gpio_set_function
                0x10004054       0x38 CMakeFiles/LogicAnalyzer.dir/usr/share/pico-sdk/src/rp2_common/hardware_gpio/gpio.c.o
                0x10004054                gpio_set_function
 .text.gpio_set_pulls
                0x1000408c       0x38 CMakeFiles/LogicAnalyzer.dir/usr/share/pico-sdk/src/rp2_common/hardware_gpio/gpio.c.o
                0x1000408c                gpio_set_pulls
 .text.gpio_set_inover
                0x100040c4       0x1e CMakeFiles/LogicAnalyzer.dir/usr/share/pico-sdk/src/rp2_common/hardware_gpio/gpio.c.o
                0x100040c4                gpio_set_inover
 *fill*         0x100040e2        0x2 
 .text.gpio_set_input_hysteresis_enabled
                0x100040e4       0x28 CMakeFiles/LogicAnalyzer.dir/usr/share/pico-sdk/src/rp2_common/hardware_gpio/gpio.c.o
                0x100040e4                gpio_set_input_hysteresis_enabled
 .text.gpio_set_irq_enabled
                0x1000410c       0x50 CMakeFiles/LogicAnalyzer.dir/usr/share/pico-sdk/src/rp2_common/hardware_gpio/gpio.c.o
                0x1000410c                gpio_set_irq_enabled
 .text.gpio_add_raw_irq_handler_with_order_priority_masked
                0x1000415c       0x40 CMakeFiles/LogicAnalyzer.dir/usr/share/pico-sdk/src/rp2_common/hardware_gpio/gpio.c.o
                0x1000415c                gpio_add_raw_irq_handler_with_order_priority_masked
 .text.gpio_remove_raw_irq_handler_masked
                0x1000419c       0x4c CMakeFiles/LogicAnalyzer.dir/usr/share/pico-sdk/src/rp2_common/hardware_gpio/gpio.c.o
                0x1000419c                gpio_remove_raw_irq_handler_masked
 .text.gpio_set_input_enabled
                0x100041e8       0x28 CMakeFiles/LogicAnalyzer.dir/usr/share/pico-sdk/src/rp2_common/hardware_gpio/gpio.c.o
                0x100041e8                gpio_set_input_enabled
 .text.gpio_init
                0x10004210       0x16 CMakeFiles/LogicAnalyzer.dir/usr/share/pico-sdk/src/rp2_common/hardware_gpio/gpio.c.o
                0x10004210                gpio_init
 .text.gpio_deinit
                0x10004226        0xa CMakeFiles/LogicAnalyzer.dir/usr/share/pico-sdk/src/rp2_common/hardware_gpio/gpio.c.o
                0x10004226                gpio_deinit
 .text.panic    0x10004230       0x30 CMakeFiles/LogicAnalyzer.dir/usr/share/pico-sdk/src/rp2_common/pico_platform_panic/panic.c.o
                0x10004230                panic
 .text.hw_claim_lock
                0x10004260       0x24 CMakeFiles/LogicAnalyzer.dir/usr/share/pico-sdk/src/common/hardware_claim/claim.c.o
                0x10004260                hw_claim_lock
 .text.hw_claim_unlock
                0x10004284       0x14 CMakeFiles/LogicAnalyzer.dir/usr/share/pico-sdk/src/common/hardware_claim/claim.c.o
                0x10004284                hw_claim_unlock
 .text.hw_claim_or_assert
                0x10004298       0x32 CMakeFiles/LogicAnalyzer.dir/usr/share/pico-sdk/src/common/hardware_claim/claim.c.o
                0x10004298                hw_claim_or_assert
 .text.hw_claim_unused_from_range
                0x100042ca       0x4e CMakeFiles/LogicAnalyzer.dir/usr/share/pico-sdk/src/common/hardware_claim/claim.c.o
                0x100042ca                hw_claim_unused_from_range
 .text.hw_claim_clear
                0x10004318       0x40 CMakeFiles/LogicAnalyzer.dir/usr/share/pico-sdk/src/common/hardware_claim/claim.c.o
                0x10004318                hw_claim_clear
 .text.next_striped_spin_lock_num
                0x10004358       0x1c CMakeFiles/LogicAnalyzer.dir/usr/share/pico-sdk/src/rp2_common/hardware_sync/sync.c.o
                0x10004358                next_striped_spin_lock_num
 .text.spin_lock_claim_unused
                0x10004374       0x24 CMakeFiles/LogicAnalyzer.dir/usr/share/pico-sdk/src/rp2_common/hardware_sync/sync.c.o
                0x10004374                spin_lock_claim_unused
 .text.spinlock_set_extexclall
                0x10004398        0xe CMakeFiles/LogicAnalyzer.dir/usr/share/pico-sdk/src/rp2_common/hardware_sync_spin_lock/sync_spin_lock.c.o
 *fill*         0x100043a6        0x2 
 .text.spin_locks_reset
                0x100043a8       0x1c CMakeFiles/LogicAnalyzer.dir/usr/share/pico-sdk/src/rp2_common/hardware_sync_spin_lock/sync_spin_lock.c.o
                0x100043a8                spin_locks_reset
 .text.set_raw_irq_handler_and_unlock
                0x100043c4       0x24 CMakeFiles/LogicAnalyzer.dir/usr/share/pico-sdk/src/rp2_common/hardware_irq/irq.c.o
 .text.nvic_ipr0
                0x100043e8        0x8 CMakeFiles/LogicAnalyzer.dir/usr/share/pico-sdk/src/rp2_common/hardware_irq/irq.c.o
 .text.runtime_init_per_core_irq_priorities
                0x100043f0       0x1c CMakeFiles/LogicAnalyzer.dir/usr/share/pico-sdk/src/rp2_common/hardware_irq/irq.c.o
                0x100043f0                runtime_init_per_core_irq_priorities
 .text.resolve_j_16
                0x1000440c       0x40 CMakeFiles/LogicAnalyzer.dir/usr/share/pico-sdk/src/rp2_common/hardware_irq/irq.c.o
 .text.make_j_16
                0x1000444c       0x3c CMakeFiles/LogicAnalyzer.dir/usr/share/pico-sdk/src/rp2_common/hardware_irq/irq.c.o
 .text.insert_bl_32
                0x10004488       0x3c CMakeFiles/LogicAnalyzer.dir/usr/share/pico-sdk/src/rp2_common/hardware_irq/irq.c.o
 .text.irq_is_enabled
                0x100044c4       0x20 CMakeFiles/LogicAnalyzer.dir/usr/share/pico-sdk/src/rp2_common/hardware_irq/irq.c.o
                0x100044c4                irq_is_enabled
 .text.irq_set_mask_n_enabled
                0x100044e4       0x20 CMakeFiles/LogicAnalyzer.dir/usr/share/pico-sdk/src/rp2_common/hardware_irq/irq.c.o
                0x100044e4                irq_set_mask_n_enabled
 .text.irq_set_enabled
                0x10004504       0x14 CMakeFiles/LogicAnalyzer.dir/usr/share/pico-sdk/src/rp2_common/hardware_irq/irq.c.o
                0x10004504                irq_set_enabled
 .text.irq_get_vtable_handler
                0x10004518       0x10 CMakeFiles/LogicAnalyzer.dir/usr/share/pico-sdk/src/rp2_common/hardware_irq/irq.c.o
                0x10004518                irq_get_vtable_handler
 .text.irq_has_handler
                0x10004528       0x20 CMakeFiles/LogicAnalyzer.dir/usr/share/pico-sdk/src/rp2_common/hardware_irq/irq.c.o
                0x10004528                irq_has_handler
 .text.irq_set_exclusive_handler
                0x10004548       0x60 CMakeFiles/LogicAnalyzer.dir/usr/share/pico-sdk/src/rp2_common/hardware_irq/irq.c.o
                0x10004548                irq_set_exclusive_handler
 .text.irq_add_shared_handler
                0x100045a8      0x234 CMakeFiles/LogicAnalyzer.dir/usr/share/pico-sdk/src/rp2_common/hardware_irq/irq.c.o
                0x100045a8                irq_add_shared_handler
 .text.irq_remove_handler
                0x100047dc      0x178 CMakeFiles/LogicAnalyzer.dir/usr/share/pico-sdk/src/rp2_common/hardware_irq/irq.c.o
                0x100047dc                irq_remove_handler
 .text.irq_set_priority
                0x10004954       0x2a CMakeFiles/LogicAnalyzer.dir/usr/share/pico-sdk/src/rp2_common/hardware_irq/irq.c.o
                0x10004954                irq_set_priority
 *fill*         0x1000497e        0x2 
 .text.irq_add_tail_to_free_list
                0x10004980       0xf8 CMakeFiles/LogicAnalyzer.dir/usr/share/pico-sdk/src/rp2_common/hardware_irq/irq.c.o
                0x10004980                irq_add_tail_to_free_list
 .text.sem_init
                0x10004a78       0x1e CMakeFiles/LogicAnalyzer.dir/usr/share/pico-sdk/src/common/pico_sync/sem.c.o
                0x10004a78                sem_init
 *fill*         0x10004a96        0x2 
 .text.lock_init
                0x10004a98        0xc CMakeFiles/LogicAnalyzer.dir/usr/share/pico-sdk/src/common/pico_sync/lock_core.c.o
                0x10004a98                lock_init
 .text.mutex_init
                0x10004aa4       0x1a CMakeFiles/LogicAnalyzer.dir/usr/share/pico-sdk/src/common/pico_sync/mutex.c.o
                0x10004aa4                mutex_init
 .text.recursive_mutex_init
                0x10004abe       0x1e CMakeFiles/LogicAnalyzer.dir/usr/share/pico-sdk/src/common/pico_sync/mutex.c.o
                0x10004abe                recursive_mutex_init
 .text.runtime_init_mutex
                0x10004adc       0x4c CMakeFiles/LogicAnalyzer.dir/usr/share/pico-sdk/src/common/pico_sync/mutex.c.o
                0x10004adc                runtime_init_mutex
 .text.critical_section_init_with_lock_num
                0x10004b28       0x10 CMakeFiles/LogicAnalyzer.dir/usr/share/pico-sdk/src/common/pico_sync/critical_section.c.o
                0x10004b28                critical_section_init_with_lock_num
 .text.critical_section_init
                0x10004b38       0x14 CMakeFiles/LogicAnalyzer.dir/usr/share/pico-sdk/src/common/pico_sync/critical_section.c.o
                0x10004b38                critical_section_init
 .text.ta_from_current_irq
                0x10004b4c       0x24 CMakeFiles/LogicAnalyzer.dir/usr/share/pico-sdk/src/common/pico_time/time.c.o
 .text.ta_set_timeout
                0x10004b70       0x2a CMakeFiles/LogicAnalyzer.dir/usr/share/pico-sdk/src/common/pico_time/time.c.o
 .text.make_alarm_id
                0x10004b9a        0x6 CMakeFiles/LogicAnalyzer.dir/usr/share/pico-sdk/src/common/pico_time/time.c.o
 .text.sleep_until_callback
                0x10004ba0       0x3c CMakeFiles/LogicAnalyzer.dir/usr/share/pico-sdk/src/common/pico_time/time.c.o
 .text.alarm_pool_irq_handler
                0x10004bdc      0x2ec CMakeFiles/LogicAnalyzer.dir/usr/share/pico-sdk/src/common/pico_time/time.c.o
 .text.ta_enable_irq_handler
                0x10004ec8       0x38 CMakeFiles/LogicAnalyzer.dir/usr/share/pico-sdk/src/common/pico_time/time.c.o
 .text.alarm_pool_post_alloc_init
                0x10004f00       0x7c CMakeFiles/LogicAnalyzer.dir/usr/share/pico-sdk/src/common/pico_time/time.c.o
 .text.alarm_pool_get_default
                0x10004f7c       0x28 CMakeFiles/LogicAnalyzer.dir/usr/share/pico-sdk/src/common/pico_time/time.c.o
                0x10004f7c                alarm_pool_get_default
 .text.alarm_pool_add_alarm_at_force_in_context
                0x10004fa4       0xc0 CMakeFiles/LogicAnalyzer.dir/usr/share/pico-sdk/src/common/pico_time/time.c.o
                0x10004fa4                alarm_pool_add_alarm_at_force_in_context
 .text.alarm_pool_add_alarm_at
                0x10005064       0x38 CMakeFiles/LogicAnalyzer.dir/usr/share/pico-sdk/src/common/pico_time/time.c.o
                0x10005064                alarm_pool_add_alarm_at
 .text.add_alarm_at
                0x1000509c       0x26 CMakeFiles/LogicAnalyzer.dir/usr/share/pico-sdk/src/common/pico_time/time.c.o
 .text.alarm_pool_cancel_alarm
                0x100050c2       0x72 CMakeFiles/LogicAnalyzer.dir/usr/share/pico-sdk/src/common/pico_time/time.c.o
                0x100050c2                alarm_pool_cancel_alarm
 .text.cancel_alarm
                0x10005134       0x10 CMakeFiles/LogicAnalyzer.dir/usr/share/pico-sdk/src/common/pico_time/time.c.o
 .text.alarm_pool_core_num
                0x10005144        0x4 CMakeFiles/LogicAnalyzer.dir/usr/share/pico-sdk/src/common/pico_time/time.c.o
                0x10005144                alarm_pool_core_num
 .text.sleep_until
                0x10005148       0xb4 CMakeFiles/LogicAnalyzer.dir/usr/share/pico-sdk/src/common/pico_time/time.c.o
                0x10005148                sleep_until
 .text.sleep_us
                0x100051fc       0x24 CMakeFiles/LogicAnalyzer.dir/usr/share/pico-sdk/src/common/pico_time/time.c.o
                0x100051fc                sleep_us
 .text.sleep_ms
                0x10005220       0x28 CMakeFiles/LogicAnalyzer.dir/usr/share/pico-sdk/src/common/pico_time/time.c.o
                0x10005220                sleep_ms
 .text.best_effort_wfe_or_timeout
                0x10005248       0xfc CMakeFiles/LogicAnalyzer.dir/usr/share/pico-sdk/src/common/pico_time/time.c.o
                0x10005248                best_effort_wfe_or_timeout
 .text.alarm_pool_get_default_timer
                0x10005344        0x8 CMakeFiles/LogicAnalyzer.dir/usr/share/pico-sdk/src/common/pico_time/time.c.o
                0x10005344                alarm_pool_get_default_timer
 .text.runtime_init_default_alarm_pool
                0x1000534c       0x34 CMakeFiles/LogicAnalyzer.dir/usr/share/pico-sdk/src/common/pico_time/time.c.o
                0x1000534c                runtime_init_default_alarm_pool
 .text.timer_hardware_alarm_claim
                0x10005380       0x24 CMakeFiles/LogicAnalyzer.dir/usr/share/pico-sdk/src/rp2_common/hardware_timer/timer.c.o
                0x10005380                timer_hardware_alarm_claim
 .text.timer_time_us_64
                0x100053a4       0x10 CMakeFiles/LogicAnalyzer.dir/usr/share/pico-sdk/src/rp2_common/hardware_timer/timer.c.o
                0x100053a4                timer_time_us_64
 .text.timer_busy_wait_until
                0x100053b4       0x1a CMakeFiles/LogicAnalyzer.dir/usr/share/pico-sdk/src/rp2_common/hardware_timer/timer.c.o
                0x100053b4                timer_busy_wait_until
 .text.timer_busy_wait_us
                0x100053ce       0x28 CMakeFiles/LogicAnalyzer.dir/usr/share/pico-sdk/src/rp2_common/hardware_timer/timer.c.o
                0x100053ce                timer_busy_wait_us
 *fill*         0x100053f6        0x2 
 .text.time_us_64
                0x100053f8       0x10 CMakeFiles/LogicAnalyzer.dir/usr/share/pico-sdk/src/rp2_common/hardware_timer/timer.c.o
                0x100053f8                time_us_64
 .text.busy_wait_us
                0x10005408       0x14 CMakeFiles/LogicAnalyzer.dir/usr/share/pico-sdk/src/rp2_common/hardware_timer/timer.c.o
                0x10005408                busy_wait_us
 .text.timer_busy_wait_us_32
                0x1000541c       0x1c CMakeFiles/LogicAnalyzer.dir/usr/share/pico-sdk/src/rp2_common/hardware_timer/timer.c.o
                0x1000541c                timer_busy_wait_us_32
 .text.timer_busy_wait_ms
                0x10005438       0x40 CMakeFiles/LogicAnalyzer.dir/usr/share/pico-sdk/src/rp2_common/hardware_timer/timer.c.o
                0x10005438                timer_busy_wait_ms
 .text.busy_wait_ms
                0x10005478       0x10 CMakeFiles/LogicAnalyzer.dir/usr/share/pico-sdk/src/rp2_common/hardware_timer/timer.c.o
                0x10005478                busy_wait_ms
 .text.busy_wait_until
                0x10005488       0x14 CMakeFiles/LogicAnalyzer.dir/usr/share/pico-sdk/src/rp2_common/hardware_timer/timer.c.o
                0x10005488                busy_wait_until
 .text.element_ptr
                0x1000549c       0x2c CMakeFiles/LogicAnalyzer.dir/usr/share/pico-sdk/src/common/pico_util/queue.c.o
 .text.queue_add_internal
                0x100054c8       0x94 CMakeFiles/LogicAnalyzer.dir/usr/share/pico-sdk/src/common/pico_util/queue.c.o
 .text.queue_remove_internal
                0x1000555c       0x94 CMakeFiles/LogicAnalyzer.dir/usr/share/pico-sdk/src/common/pico_util/queue.c.o
 .text.queue_init_with_spinlock
                0x100055f0       0x24 CMakeFiles/LogicAnalyzer.dir/usr/share/pico-sdk/src/common/pico_util/queue.c.o
                0x100055f0                queue_init_with_spinlock
 .text.queue_add_blocking
                0x10005614        0xa CMakeFiles/LogicAnalyzer.dir/usr/share/pico-sdk/src/common/pico_util/queue.c.o
                0x10005614                queue_add_blocking
 .text.queue_remove_blocking
                0x1000561e        0xa CMakeFiles/LogicAnalyzer.dir/usr/share/pico-sdk/src/common/pico_util/queue.c.o
                0x1000561e                queue_remove_blocking
 .text.clock_configure_internal
                0x10005628       0xb8 CMakeFiles/LogicAnalyzer.dir/usr/share/pico-sdk/src/rp2_common/hardware_clocks/clocks.c.o
 .text.clock_configure_undivided
                0x100056e0       0x12 CMakeFiles/LogicAnalyzer.dir/usr/share/pico-sdk/src/rp2_common/hardware_clocks/clocks.c.o
                0x100056e0                clock_configure_undivided
 *fill*         0x100056f2        0x2 
 .text.clock_get_hz
                0x100056f4        0xc CMakeFiles/LogicAnalyzer.dir/usr/share/pico-sdk/src/rp2_common/hardware_clocks/clocks.c.o
                0x100056f4                clock_get_hz
 .text.set_sys_clock_pll
                0x10005700       0x64 CMakeFiles/LogicAnalyzer.dir/usr/share/pico-sdk/src/rp2_common/hardware_clocks/clocks.c.o
                0x10005700                set_sys_clock_pll
 .text.check_sys_clock_khz
                0x10005764       0x74 CMakeFiles/LogicAnalyzer.dir/usr/share/pico-sdk/src/rp2_common/hardware_clocks/clocks.c.o
                0x10005764                check_sys_clock_khz
 .text.pll_init
                0x100057d8      0x108 CMakeFiles/LogicAnalyzer.dir/usr/share/pico-sdk/src/rp2_common/hardware_pll/pll.c.o
                0x100057d8                pll_init
 .text.watchdog_update
                0x100058e0       0x14 CMakeFiles/LogicAnalyzer.dir/usr/share/pico-sdk/src/rp2_common/hardware_watchdog/watchdog.c.o
                0x100058e0                watchdog_update
 .text._watchdog_enable
                0x100058f4       0x6c CMakeFiles/LogicAnalyzer.dir/usr/share/pico-sdk/src/rp2_common/hardware_watchdog/watchdog.c.o
                0x100058f4                _watchdog_enable
 .text.watchdog_reboot
                0x10005960       0x44 CMakeFiles/LogicAnalyzer.dir/usr/share/pico-sdk/src/rp2_common/hardware_watchdog/watchdog.c.o
                0x10005960                watchdog_reboot
 .text.tick_start
                0x100059a4       0x1c CMakeFiles/LogicAnalyzer.dir/usr/share/pico-sdk/src/rp2_common/hardware_ticks/ticks.c.o
                0x100059a4                tick_start
 .text.rom_reboot
                0x100059c0       0x40 CMakeFiles/LogicAnalyzer.dir/usr/share/pico-sdk/src/rp2_common/pico_bootrom/bootrom.c.o
 .text.rom_func_lookup
                0x10005a00       0x1e CMakeFiles/LogicAnalyzer.dir/usr/share/pico-sdk/src/rp2_common/pico_bootrom/bootrom.c.o
                0x10005a00                rom_func_lookup
 .text.rom_reset_usb_boot
                0x10005a1e       0x1e CMakeFiles/LogicAnalyzer.dir/usr/share/pico-sdk/src/rp2_common/pico_bootrom/bootrom.c.o
                0x10005a1e                rom_reset_usb_boot
 .text.rom_reset_usb_boot_extra
                0x10005a3c       0x20 CMakeFiles/LogicAnalyzer.dir/usr/share/pico-sdk/src/rp2_common/pico_bootrom/bootrom.c.o
                0x10005a3c                rom_reset_usb_boot_extra
 .text.rom_get_boot_random
                0x10005a5c       0x5c CMakeFiles/LogicAnalyzer.dir/usr/share/pico-sdk/src/rp2_common/pico_bootrom/bootrom.c.o
                0x10005a5c                rom_get_boot_random
 .text.runtime_init_bootrom_locking_enable
                0x10005ab8       0x14 CMakeFiles/LogicAnalyzer.dir/usr/share/pico-sdk/src/rp2_common/pico_bootrom/bootrom_lock.c.o
                0x10005ab8                runtime_init_bootrom_locking_enable
 .text.boot_locks_reset
                0x10005acc       0x20 CMakeFiles/LogicAnalyzer.dir/usr/share/pico-sdk/src/rp2_common/hardware_boot_lock/boot_lock.c.o
                0x10005acc                boot_locks_reset
 .text.runtime_init_boot_locks_reset
                0x10005aec        0x8 CMakeFiles/LogicAnalyzer.dir/usr/share/pico-sdk/src/rp2_common/hardware_boot_lock/boot_lock.c.o
                0x10005aec                runtime_init_boot_locks_reset
 .text.xosc_init
                0x10005af4       0x28 CMakeFiles/LogicAnalyzer.dir/usr/share/pico-sdk/src/rp2_common/hardware_xosc/xosc.c.o
                0x10005af4                xosc_init
 .text.runtime_run_initializers_from
                0x10005b1c       0x18 CMakeFiles/LogicAnalyzer.dir/usr/share/pico-sdk/src/rp2_common/pico_runtime/runtime.c.o
 .text.first_per_core_initializer
                0x10005b34        0x2 CMakeFiles/LogicAnalyzer.dir/usr/share/pico-sdk/src/rp2_common/pico_runtime/runtime.c.o
 *fill*         0x10005b36        0x2 
 .text.runtime_run_initializers
                0x10005b38       0x10 CMakeFiles/LogicAnalyzer.dir/usr/share/pico-sdk/src/rp2_common/pico_runtime/runtime.c.o
                0x10005b38                runtime_run_initializers
 .text.runtime_run_per_core_initializers
                0x10005b48       0x10 CMakeFiles/LogicAnalyzer.dir/usr/share/pico-sdk/src/rp2_common/pico_runtime/runtime.c.o
                0x10005b48                runtime_run_per_core_initializers
 .text.runtime_init_early_resets
                0x10005b58       0x2c CMakeFiles/LogicAnalyzer.dir/usr/share/pico-sdk/src/rp2_common/pico_runtime_init/runtime_init.c.o
                0x10005b58                runtime_init_early_resets
 .text.runtime_init_usb_power_down
                0x10005b84       0x20 CMakeFiles/LogicAnalyzer.dir/usr/share/pico-sdk/src/rp2_common/pico_runtime_init/runtime_init.c.o
                0x10005b84                runtime_init_usb_power_down
 .text.runtime_init_per_core_enable_coprocessors
                0x10005ba4       0x1c CMakeFiles/LogicAnalyzer.dir/usr/share/pico-sdk/src/rp2_common/pico_runtime_init/runtime_init.c.o
                0x10005ba4                runtime_init_per_core_enable_coprocessors
 .text.runtime_init_post_clock_resets
                0x10005bc0       0x20 CMakeFiles/LogicAnalyzer.dir/usr/share/pico-sdk/src/rp2_common/pico_runtime_init/runtime_init.c.o
                0x10005bc0                runtime_init_post_clock_resets
 .text.runtime_init_bootrom_reset
                0x10005be0       0x12 CMakeFiles/LogicAnalyzer.dir/usr/share/pico-sdk/src/rp2_common/pico_runtime_init/runtime_init.c.o
                0x10005be0                runtime_init_bootrom_reset
 .text.runtime_init_per_core_bootrom_reset
                0x10005bf2       0x12 CMakeFiles/LogicAnalyzer.dir/usr/share/pico-sdk/src/rp2_common/pico_runtime_init/runtime_init.c.o
                0x10005bf2                runtime_init_per_core_bootrom_reset
 .text.runtime_init_spin_locks_reset
                0x10005c04        0x8 CMakeFiles/LogicAnalyzer.dir/usr/share/pico-sdk/src/rp2_common/pico_runtime_init/runtime_init.c.o
                0x10005c04                runtime_init_spin_locks_reset
 .text.runtime_init_install_ram_vector_table
                0x10005c0c       0x48 CMakeFiles/LogicAnalyzer.dir/usr/share/pico-sdk/src/rp2_common/pico_runtime_init/runtime_init.c.o
                0x10005c0c                runtime_init_install_ram_vector_table
 .text.start_all_ticks
                0x10005c54       0x28 CMakeFiles/LogicAnalyzer.dir/usr/share/pico-sdk/src/rp2_common/pico_runtime_init/runtime_init_clocks.c.o
 .text.runtime_init_clocks
                0x10005c7c       0xc4 CMakeFiles/LogicAnalyzer.dir/usr/share/pico-sdk/src/rp2_common/pico_runtime_init/runtime_init_clocks.c.o
                0x10005c7c                runtime_init_clocks
 .text.__rp2350_dcp_engaged_state_save_restore
                0x10005d40       0x3a CMakeFiles/LogicAnalyzer.dir/usr/share/pico-sdk/src/rp2_common/pico_double/double_aeabi_dcp.S.o
 *fill*         0x10005d7a        0x2 
 .text.__wrap___aeabi_dadd
                0x10005d7c       0x28 CMakeFiles/LogicAnalyzer.dir/usr/share/pico-sdk/src/rp2_common/pico_double/double_aeabi_dcp.S.o
                0x10005d84                __wrap___aeabi_dadd
 .text.__wrap___aeabi_dsub
                0x10005da4       0x28 CMakeFiles/LogicAnalyzer.dir/usr/share/pico-sdk/src/rp2_common/pico_double/double_aeabi_dcp.S.o
                0x10005dac                __wrap___aeabi_dsub
 .text.__wrap___aeabi_dmul
                0x10005dcc       0x4c CMakeFiles/LogicAnalyzer.dir/usr/share/pico-sdk/src/rp2_common/pico_double/double_aeabi_dcp.S.o
                0x10005dd4                __wrap___aeabi_dmul
 .text.__wrap___aeabi_ddiv
                0x10005e18       0x9c CMakeFiles/LogicAnalyzer.dir/usr/share/pico-sdk/src/rp2_common/pico_double/double_aeabi_dcp.S.o
                0x10005e20                __wrap___aeabi_ddiv
 .text.__wrap___aeabi_i2d
                0x10005eb4       0x24 CMakeFiles/LogicAnalyzer.dir/usr/share/pico-sdk/src/rp2_common/pico_double/double_aeabi_dcp.S.o
                0x10005ebc                __wrap___aeabi_i2d
                0x10005ebc                int2double
 .text.__wrap___aeabi_ui2d
                0x10005ed8       0x24 CMakeFiles/LogicAnalyzer.dir/usr/share/pico-sdk/src/rp2_common/pico_double/double_aeabi_dcp.S.o
                0x10005ee0                __wrap___aeabi_ui2d
                0x10005ee0                uint2double
 .text.__wrap___aeabi_d2iz
                0x10005efc       0x24 CMakeFiles/LogicAnalyzer.dir/usr/share/pico-sdk/src/rp2_common/pico_double/double_aeabi_dcp.S.o
                0x10005f04                __wrap___aeabi_d2iz
                0x10005f04                double2int_z
 .text.__wrap___aeabi_d2uiz
                0x10005f20       0x24 CMakeFiles/LogicAnalyzer.dir/usr/share/pico-sdk/src/rp2_common/pico_double/double_aeabi_dcp.S.o
                0x10005f28                double2uint_z
                0x10005f28                double2uint
                0x10005f28                __wrap___aeabi_d2uiz
 .text.__wrap___aeabi_dcmpun
                0x10005f44       0x24 CMakeFiles/LogicAnalyzer.dir/usr/share/pico-sdk/src/rp2_common/pico_double/double_aeabi_dcp.S.o
                0x10005f4c                __wrap___aeabi_dcmpun
 .text.__wrap___aeabi_dcmplt
                0x10005f68       0x28 CMakeFiles/LogicAnalyzer.dir/usr/share/pico-sdk/src/rp2_common/pico_double/double_aeabi_dcp.S.o
                0x10005f70                __wrap___aeabi_dcmplt
 .text.__wrap___aeabi_dcmple
                0x10005f90       0x28 CMakeFiles/LogicAnalyzer.dir/usr/share/pico-sdk/src/rp2_common/pico_double/double_aeabi_dcp.S.o
                0x10005f98                __wrap___aeabi_dcmple
 .text.__wrap___aeabi_dcmpge
                0x10005fb8       0x28 CMakeFiles/LogicAnalyzer.dir/usr/share/pico-sdk/src/rp2_common/pico_double/double_aeabi_dcp.S.o
                0x10005fc0                __wrap___aeabi_dcmpge
 .text.__wrap___aeabi_dcmpgt
                0x10005fe0       0x28 CMakeFiles/LogicAnalyzer.dir/usr/share/pico-sdk/src/rp2_common/pico_double/double_aeabi_dcp.S.o
                0x10005fe8                __wrap___aeabi_dcmpgt
 .text.check_alloc
                0x10006008       0x20 CMakeFiles/LogicAnalyzer.dir/usr/share/pico-sdk/src/rp2_common/pico_malloc/malloc.c.o
 .text.__wrap_malloc
                0x10006028       0x2c CMakeFiles/LogicAnalyzer.dir/usr/share/pico-sdk/src/rp2_common/pico_malloc/malloc.c.o
                0x10006028                __wrap_malloc
 .text.__wrap_calloc
                0x10006054       0x30 CMakeFiles/LogicAnalyzer.dir/usr/share/pico-sdk/src/rp2_common/pico_malloc/malloc.c.o
                0x10006054                __wrap_calloc
 .text.__wrap_free
                0x10006084       0x20 CMakeFiles/LogicAnalyzer.dir/usr/share/pico-sdk/src/rp2_common/pico_malloc/malloc.c.o
                0x10006084                __wrap_free
 .text._out_buffer
                0x100060a4        0x8 CMakeFiles/LogicAnalyzer.dir/usr/share/pico-sdk/src/rp2_common/pico_printf/printf.c.o
 .text._out_null
                0x100060ac        0x2 CMakeFiles/LogicAnalyzer.dir/usr/share/pico-sdk/src/rp2_common/pico_printf/printf.c.o
 .text._out_fct
                0x100060ae        0xe CMakeFiles/LogicAnalyzer.dir/usr/share/pico-sdk/src/rp2_common/pico_printf/printf.c.o
 .text._atoi    0x100060bc       0x26 CMakeFiles/LogicAnalyzer.dir/usr/share/pico-sdk/src/rp2_common/pico_printf/printf.c.o
 .text._out_rev
                0x100060e2       0x7e CMakeFiles/LogicAnalyzer.dir/usr/share/pico-sdk/src/rp2_common/pico_printf/printf.c.o
 .text._ntoa_format
                0x10006160      0x134 CMakeFiles/LogicAnalyzer.dir/usr/share/pico-sdk/src/rp2_common/pico_printf/printf.c.o
 .text._ntoa_long
                0x10006294       0x94 CMakeFiles/LogicAnalyzer.dir/usr/share/pico-sdk/src/rp2_common/pico_printf/printf.c.o
 .text._ntoa_long_long
                0x10006328       0xc2 CMakeFiles/LogicAnalyzer.dir/usr/share/pico-sdk/src/rp2_common/pico_printf/printf.c.o
 *fill*         0x100063ea        0x6 
 .text._etoa    0x100063f0      0x420 CMakeFiles/LogicAnalyzer.dir/usr/share/pico-sdk/src/rp2_common/pico_printf/printf.c.o
 .text._ftoa    0x10006810      0x398 CMakeFiles/LogicAnalyzer.dir/usr/share/pico-sdk/src/rp2_common/pico_printf/printf.c.o
 .text._vsnprintf
                0x10006ba8      0x6d8 CMakeFiles/LogicAnalyzer.dir/usr/share/pico-sdk/src/rp2_common/pico_printf/printf.c.o
 .text.__wrap_sprintf
                0x10007280       0x2c CMakeFiles/LogicAnalyzer.dir/usr/share/pico-sdk/src/rp2_common/pico_printf/printf.c.o
                0x10007280                __wrap_sprintf
 .text.vfctprintf
                0x100072ac       0x24 CMakeFiles/LogicAnalyzer.dir/usr/share/pico-sdk/src/rp2_common/pico_printf/printf.c.o
                0x100072ac                vfctprintf
 .text._exit    0x100072d0        0x4 CMakeFiles/LogicAnalyzer.dir/usr/share/pico-sdk/src/rp2_common/pico_clib_interface/newlib_interface.c.o
                0x100072d0                _exit
 .text._sbrk    0x100072d4       0x34 CMakeFiles/LogicAnalyzer.dir/usr/share/pico-sdk/src/rp2_common/pico_clib_interface/newlib_interface.c.o
                0x100072d4                _sbrk
 .text.exit     0x10007308        0x6 CMakeFiles/LogicAnalyzer.dir/usr/share/pico-sdk/src/rp2_common/pico_clib_interface/newlib_interface.c.o
                0x10007308                exit
 *fill*         0x1000730e        0x2 
 .text.__assert_func
                0x10007310       0x34 CMakeFiles/LogicAnalyzer.dir/usr/share/pico-sdk/src/rp2_common/pico_clib_interface/newlib_interface.c.o
                0x10007310                __assert_func
 .text.runtime_init
                0x10007344       0x2c CMakeFiles/LogicAnalyzer.dir/usr/share/pico-sdk/src/rp2_common/pico_clib_interface/newlib_interface.c.o
                0x10007344                runtime_init
 .text.stdio_out_chars_no_crlf
                0x10007370        0xe CMakeFiles/LogicAnalyzer.dir/usr/share/pico-sdk/src/rp2_common/pico_stdio/stdio.c.o
 *fill*         0x1000737e        0x2 
 .text.stdio_out_chars_crlf
                0x10007380       0x80 CMakeFiles/LogicAnalyzer.dir/usr/share/pico-sdk/src/rp2_common/pico_stdio/stdio.c.o
 .text.stdio_stack_buffer_flush
                0x10007400       0x40 CMakeFiles/LogicAnalyzer.dir/usr/share/pico-sdk/src/rp2_common/pico_stdio/stdio.c.o
 .text.stdio_buffered_printer
                0x10007440       0x20 CMakeFiles/LogicAnalyzer.dir/usr/share/pico-sdk/src/rp2_common/pico_stdio/stdio.c.o
 .text.stdout_serialize_begin
                0x10007460       0x2c CMakeFiles/LogicAnalyzer.dir/usr/share/pico-sdk/src/rp2_common/pico_stdio/stdio.c.o
                0x10007460                stdout_serialize_begin
 .text.stdout_serialize_end
                0x1000748c       0x10 CMakeFiles/LogicAnalyzer.dir/usr/share/pico-sdk/src/rp2_common/pico_stdio/stdio.c.o
                0x1000748c                stdout_serialize_end
 .text.stdio_put_string
                0x1000749c       0x8c CMakeFiles/LogicAnalyzer.dir/usr/share/pico-sdk/src/rp2_common/pico_stdio/stdio.c.o
                0x1000749c                stdio_put_string
 .text.stdio_set_driver_enabled
                0x10007528       0x2c CMakeFiles/LogicAnalyzer.dir/usr/share/pico-sdk/src/rp2_common/pico_stdio/stdio.c.o
                0x10007528                stdio_set_driver_enabled
 .text.stdio_flush
                0x10007554       0x1c CMakeFiles/LogicAnalyzer.dir/usr/share/pico-sdk/src/rp2_common/pico_stdio/stdio.c.o
                0x10007554                stdio_flush
 .text.stdio_init_all
                0x10007570        0x8 CMakeFiles/LogicAnalyzer.dir/usr/share/pico-sdk/src/rp2_common/pico_stdio/stdio.c.o
                0x10007570                stdio_init_all
 .text.__wrap_puts
                0x10007578       0x1e CMakeFiles/LogicAnalyzer.dir/usr/share/pico-sdk/src/rp2_common/pico_stdio/stdio.c.o
                0x10007578                __wrap_puts
                0x10007578                stdio_puts
 *fill*         0x10007596        0x2 
 .text.__wrap_vprintf
                0x10007598       0x40 CMakeFiles/LogicAnalyzer.dir/usr/share/pico-sdk/src/rp2_common/pico_stdio/stdio.c.o
                0x10007598                __wrap_vprintf
                0x10007598                stdio_vprintf
 .text.__wrap_printf
                0x100075d8       0x1c CMakeFiles/LogicAnalyzer.dir/usr/share/pico-sdk/src/rp2_common/pico_stdio/stdio.c.o
                0x100075d8                stdio_printf
                0x100075d8                __wrap_printf
 .text.resetd_init
                0x100075f4        0x2 CMakeFiles/LogicAnalyzer.dir/usr/share/pico-sdk/src/rp2_common/pico_stdio_usb/reset_interface.c.o
 *fill*         0x100075f6        0x2 
 .text.resetd_reset
                0x100075f8        0xc CMakeFiles/LogicAnalyzer.dir/usr/share/pico-sdk/src/rp2_common/pico_stdio_usb/reset_interface.c.o
 .text.resetd_open
                0x10007604       0x34 CMakeFiles/LogicAnalyzer.dir/usr/share/pico-sdk/src/rp2_common/pico_stdio_usb/reset_interface.c.o
 .text.resetd_xfer_cb
                0x10007638        0x4 CMakeFiles/LogicAnalyzer.dir/usr/share/pico-sdk/src/rp2_common/pico_stdio_usb/reset_interface.c.o
 .text.resetd_control_xfer_cb
                0x1000763c       0x54 CMakeFiles/LogicAnalyzer.dir/usr/share/pico-sdk/src/rp2_common/pico_stdio_usb/reset_interface.c.o
 .text.tud_descriptor_bos_cb
                0x10007690        0x8 CMakeFiles/LogicAnalyzer.dir/usr/share/pico-sdk/src/rp2_common/pico_stdio_usb/reset_interface.c.o
                0x10007690                tud_descriptor_bos_cb
 .text.tud_vendor_control_xfer_cb
                0x10007698       0x30 CMakeFiles/LogicAnalyzer.dir/usr/share/pico-sdk/src/rp2_common/pico_stdio_usb/reset_interface.c.o
                0x10007698                tud_vendor_control_xfer_cb
 .text.usbd_app_driver_get_cb
                0x100076c8        0xc CMakeFiles/LogicAnalyzer.dir/usr/share/pico-sdk/src/rp2_common/pico_stdio_usb/reset_interface.c.o
                0x100076c8                usbd_app_driver_get_cb
 .text.tud_cdc_line_coding_cb
                0x100076d4       0x18 CMakeFiles/LogicAnalyzer.dir/usr/share/pico-sdk/src/rp2_common/pico_stdio_usb/reset_interface.c.o
                0x100076d4                tud_cdc_line_coding_cb
 .text.stdio_usb_set_chars_available_callback
                0x100076ec       0x14 CMakeFiles/LogicAnalyzer.dir/usr/share/pico-sdk/src/rp2_common/pico_stdio_usb/stdio_usb.c.o
                0x100076ec                stdio_usb_set_chars_available_callback
 .text.stdio_usb_out_flush
                0x10007700       0x48 CMakeFiles/LogicAnalyzer.dir/usr/share/pico-sdk/src/rp2_common/pico_stdio_usb/stdio_usb.c.o
 .text.stdio_usb_init
                0x10007748       0x60 CMakeFiles/LogicAnalyzer.dir/usr/share/pico-sdk/src/rp2_common/pico_stdio_usb/stdio_usb.c.o
                0x10007748                stdio_usb_init
 .text.stdio_usb_connected
                0x100077a8        0xa CMakeFiles/LogicAnalyzer.dir/usr/share/pico-sdk/src/rp2_common/pico_stdio_usb/stdio_usb.c.o
                0x100077a8                stdio_usb_connected
 *fill*         0x100077b2        0x2 
 .text.stdio_usb_in_chars
                0x100077b4       0x8c CMakeFiles/LogicAnalyzer.dir/usr/share/pico-sdk/src/rp2_common/pico_stdio_usb/stdio_usb.c.o
                0x100077b4                stdio_usb_in_chars
 .text.stdio_usb_out_chars
                0x10007840       0xd4 CMakeFiles/LogicAnalyzer.dir/usr/share/pico-sdk/src/rp2_common/pico_stdio_usb/stdio_usb.c.o
 .text.tud_descriptor_device_cb
                0x10007914        0x8 CMakeFiles/LogicAnalyzer.dir/usr/share/pico-sdk/src/rp2_common/pico_stdio_usb/stdio_usb_descriptors.c.o
                0x10007914                tud_descriptor_device_cb
 .text.tud_descriptor_configuration_cb
                0x1000791c        0x8 CMakeFiles/LogicAnalyzer.dir/usr/share/pico-sdk/src/rp2_common/pico_stdio_usb/stdio_usb_descriptors.c.o
                0x1000791c                tud_descriptor_configuration_cb
 .text.tud_descriptor_string_cb
                0x10007924       0x64 CMakeFiles/LogicAnalyzer.dir/usr/share/pico-sdk/src/rp2_common/pico_stdio_usb/stdio_usb_descriptors.c.o
                0x10007924                tud_descriptor_string_cb
 .text._retrieve_unique_id_on_boot
                0x10007988       0x58 CMakeFiles/LogicAnalyzer.dir/usr/share/pico-sdk/src/rp2_common/pico_unique_id/unique_id.c.o
 .text.pico_get_unique_board_id
                0x100079e0       0x10 CMakeFiles/LogicAnalyzer.dir/usr/share/pico-sdk/src/rp2_common/pico_unique_id/unique_id.c.o
                0x100079e0                pico_get_unique_board_id
 .text.pico_get_unique_board_id_string
                0x100079f0       0x5c CMakeFiles/LogicAnalyzer.dir/usr/share/pico-sdk/src/rp2_common/pico_unique_id/unique_id.c.o
                0x100079f0                pico_get_unique_board_id_string
 .text.hw_endpoint_init
                0x10007a4c       0xbc CMakeFiles/LogicAnalyzer.dir/usr/share/pico-sdk/lib/tinyusb/src/portable/raspberrypi/rp2040/dcd_rp2040.c.o
 .text.hw_endpoint_alloc
                0x10007b08       0x48 CMakeFiles/LogicAnalyzer.dir/usr/share/pico-sdk/lib/tinyusb/src/portable/raspberrypi/rp2040/dcd_rp2040.c.o
 .text.hw_endpoint_open
                0x10007b50       0x44 CMakeFiles/LogicAnalyzer.dir/usr/share/pico-sdk/lib/tinyusb/src/portable/raspberrypi/rp2040/dcd_rp2040.c.o
 .text.hw_endpoint_xfer
                0x10007b94       0x1c CMakeFiles/LogicAnalyzer.dir/usr/share/pico-sdk/lib/tinyusb/src/portable/raspberrypi/rp2040/dcd_rp2040.c.o
 .text.dcd_int_enable
                0x10007bb0       0x28 CMakeFiles/LogicAnalyzer.dir/usr/share/pico-sdk/lib/tinyusb/src/portable/raspberrypi/rp2040/dcd_rp2040.c.o
                0x10007bb0                dcd_int_enable
 .text.dcd_set_address
                0x10007bd8       0x2c CMakeFiles/LogicAnalyzer.dir/usr/share/pico-sdk/lib/tinyusb/src/portable/raspberrypi/rp2040/dcd_rp2040.c.o
                0x10007bd8                dcd_set_address
 .text.dcd_connect
                0x10007c04       0x10 CMakeFiles/LogicAnalyzer.dir/usr/share/pico-sdk/lib/tinyusb/src/portable/raspberrypi/rp2040/dcd_rp2040.c.o
                0x10007c04                dcd_connect
 .text.dcd_init
                0x10007c14       0x84 CMakeFiles/LogicAnalyzer.dir/usr/share/pico-sdk/lib/tinyusb/src/portable/raspberrypi/rp2040/dcd_rp2040.c.o
                0x10007c14                dcd_init
 .text.dcd_sof_enable
                0x10007c98       0x1c CMakeFiles/LogicAnalyzer.dir/usr/share/pico-sdk/lib/tinyusb/src/portable/raspberrypi/rp2040/dcd_rp2040.c.o
                0x10007c98                dcd_sof_enable
 .text.dcd_edpt0_status_complete
                0x10007cb4       0x20 CMakeFiles/LogicAnalyzer.dir/usr/share/pico-sdk/lib/tinyusb/src/portable/raspberrypi/rp2040/dcd_rp2040.c.o
                0x10007cb4                dcd_edpt0_status_complete
 .text.dcd_edpt_open
                0x10007cd4       0x22 CMakeFiles/LogicAnalyzer.dir/usr/share/pico-sdk/lib/tinyusb/src/portable/raspberrypi/rp2040/dcd_rp2040.c.o
                0x10007cd4                dcd_edpt_open
 .text.dcd_edpt_close_all
                0x10007cf6        0x8 CMakeFiles/LogicAnalyzer.dir/usr/share/pico-sdk/lib/tinyusb/src/portable/raspberrypi/rp2040/dcd_rp2040.c.o
                0x10007cf6                dcd_edpt_close_all
 *fill*         0x10007cfe        0x2 
 .text.dcd_edpt_xfer
                0x10007d00       0x2c CMakeFiles/LogicAnalyzer.dir/usr/share/pico-sdk/lib/tinyusb/src/portable/raspberrypi/rp2040/dcd_rp2040.c.o
                0x10007d00                dcd_edpt_xfer
 .text.dcd_edpt_stall
                0x10007d2c       0x38 CMakeFiles/LogicAnalyzer.dir/usr/share/pico-sdk/lib/tinyusb/src/portable/raspberrypi/rp2040/dcd_rp2040.c.o
                0x10007d2c                dcd_edpt_stall
 .text.dcd_edpt_clear_stall
                0x10007d64       0x28 CMakeFiles/LogicAnalyzer.dir/usr/share/pico-sdk/lib/tinyusb/src/portable/raspberrypi/rp2040/dcd_rp2040.c.o
                0x10007d64                dcd_edpt_clear_stall
 .text.unaligned_memcpy
                0x10007d8c       0x14 CMakeFiles/LogicAnalyzer.dir/usr/share/pico-sdk/lib/tinyusb/src/portable/raspberrypi/rp2040/rp2040_usb.c.o
 .text.rp2040_usb_init
                0x10007da0       0x40 CMakeFiles/LogicAnalyzer.dir/usr/share/pico-sdk/lib/tinyusb/src/portable/raspberrypi/rp2040/rp2040_usb.c.o
                0x10007da0                rp2040_usb_init
 .text.hw_endpoint_xfer_start
                0x10007de0       0x58 CMakeFiles/LogicAnalyzer.dir/usr/share/pico-sdk/lib/tinyusb/src/portable/raspberrypi/rp2040/rp2040_usb.c.o
                0x10007de0                hw_endpoint_xfer_start
 .text.configuration_reset
                0x10007e38       0x90 CMakeFiles/LogicAnalyzer.dir/usr/share/pico-sdk/lib/tinyusb/src/device/usbd.c.o
 .text.usbd_reset
                0x10007ec8        0xc CMakeFiles/LogicAnalyzer.dir/usr/share/pico-sdk/lib/tinyusb/src/device/usbd.c.o
 .text.invoke_class_control
                0x10007ed4       0x1a CMakeFiles/LogicAnalyzer.dir/usr/share/pico-sdk/lib/tinyusb/src/device/usbd.c.o
 *fill*         0x10007eee        0x2 
 .text.process_set_config
                0x10007ef0      0x1cc CMakeFiles/LogicAnalyzer.dir/usr/share/pico-sdk/lib/tinyusb/src/device/usbd.c.o
 .text.tud_event_hook_cb
                0x100080bc        0x2 CMakeFiles/LogicAnalyzer.dir/usr/share/pico-sdk/lib/tinyusb/src/device/usbd.c.o
                0x100080bc                tud_event_hook_cb
 .text.tud_sof_cb
                0x100080be        0x2 CMakeFiles/LogicAnalyzer.dir/usr/share/pico-sdk/lib/tinyusb/src/device/usbd.c.o
                0x100080be                tud_sof_cb
 .text.tud_descriptor_device_qualifier_cb
                0x100080c0        0x4 CMakeFiles/LogicAnalyzer.dir/usr/share/pico-sdk/lib/tinyusb/src/device/usbd.c.o
                0x100080c0                tud_descriptor_device_qualifier_cb
 .text.tud_descriptor_other_speed_configuration_cb
                0x100080c4        0x4 CMakeFiles/LogicAnalyzer.dir/usr/share/pico-sdk/lib/tinyusb/src/device/usbd.c.o
                0x100080c4                tud_descriptor_other_speed_configuration_cb
 .text.process_get_descriptor
                0x100080c8       0xf8 CMakeFiles/LogicAnalyzer.dir/usr/share/pico-sdk/lib/tinyusb/src/device/usbd.c.o
 .text.tud_mount_cb
                0x100081c0        0x2 CMakeFiles/LogicAnalyzer.dir/usr/share/pico-sdk/lib/tinyusb/src/device/usbd.c.o
                0x100081c0                tud_mount_cb
 .text.tud_umount_cb
                0x100081c2        0x2 CMakeFiles/LogicAnalyzer.dir/usr/share/pico-sdk/lib/tinyusb/src/device/usbd.c.o
                0x100081c2                tud_umount_cb
 .text.tud_suspend_cb
                0x100081c4        0x2 CMakeFiles/LogicAnalyzer.dir/usr/share/pico-sdk/lib/tinyusb/src/device/usbd.c.o
                0x100081c4                tud_suspend_cb
 .text.tud_resume_cb
                0x100081c6        0x2 CMakeFiles/LogicAnalyzer.dir/usr/share/pico-sdk/lib/tinyusb/src/device/usbd.c.o
                0x100081c6                tud_resume_cb
 .text.tud_mounted
                0x100081c8       0x14 CMakeFiles/LogicAnalyzer.dir/usr/share/pico-sdk/lib/tinyusb/src/device/usbd.c.o
                0x100081c8                tud_mounted
 .text.tud_suspended
                0x100081dc       0x10 CMakeFiles/LogicAnalyzer.dir/usr/share/pico-sdk/lib/tinyusb/src/device/usbd.c.o
                0x100081dc                tud_suspended
 .text.tud_inited
                0x100081ec       0x10 CMakeFiles/LogicAnalyzer.dir/usr/share/pico-sdk/lib/tinyusb/src/device/usbd.c.o
                0x100081ec                tud_inited
 .text.tud_rhport_init
                0x100081fc      0x128 CMakeFiles/LogicAnalyzer.dir/usr/share/pico-sdk/lib/tinyusb/src/device/usbd.c.o
                0x100081fc                tud_rhport_init
 .text.usbd_edpt_open
                0x10008324       0x7c CMakeFiles/LogicAnalyzer.dir/usr/share/pico-sdk/lib/tinyusb/src/device/usbd.c.o
                0x10008324                usbd_edpt_open
 .text.usbd_open_edpt_pair
                0x100083a0       0xa4 CMakeFiles/LogicAnalyzer.dir/usr/share/pico-sdk/lib/tinyusb/src/device/usbd.c.o
                0x100083a0                usbd_open_edpt_pair
 .text.usbd_edpt_claim
                0x10008444       0x28 CMakeFiles/LogicAnalyzer.dir/usr/share/pico-sdk/lib/tinyusb/src/device/usbd.c.o
                0x10008444                usbd_edpt_claim
 .text.usbd_edpt_release
                0x1000846c       0x28 CMakeFiles/LogicAnalyzer.dir/usr/share/pico-sdk/lib/tinyusb/src/device/usbd.c.o
                0x1000846c                usbd_edpt_release
 .text.usbd_edpt_xfer
                0x10008494       0x90 CMakeFiles/LogicAnalyzer.dir/usr/share/pico-sdk/lib/tinyusb/src/device/usbd.c.o
                0x10008494                usbd_edpt_xfer
 .text.usbd_edpt_stall
                0x10008524       0x3c CMakeFiles/LogicAnalyzer.dir/usr/share/pico-sdk/lib/tinyusb/src/device/usbd.c.o
                0x10008524                usbd_edpt_stall
 .text.usbd_edpt_clear_stall
                0x10008560       0x3c CMakeFiles/LogicAnalyzer.dir/usr/share/pico-sdk/lib/tinyusb/src/device/usbd.c.o
                0x10008560                usbd_edpt_clear_stall
 .text.usbd_edpt_stalled
                0x1000859c       0x1c CMakeFiles/LogicAnalyzer.dir/usr/share/pico-sdk/lib/tinyusb/src/device/usbd.c.o
                0x1000859c                usbd_edpt_stalled
 .text.process_control_request
                0x100085b8      0x404 CMakeFiles/LogicAnalyzer.dir/usr/share/pico-sdk/lib/tinyusb/src/device/usbd.c.o
 .text.tud_task_ext
                0x100089bc      0x250 CMakeFiles/LogicAnalyzer.dir/usr/share/pico-sdk/lib/tinyusb/src/device/usbd.c.o
                0x100089bc                tud_task_ext
 .text.status_stage_xact
                0x10008c0c       0x1a CMakeFiles/LogicAnalyzer.dir/usr/share/pico-sdk/lib/tinyusb/src/device/usbd_control.c.o
 *fill*         0x10008c26        0x2 
 .text.data_stage_xact
                0x10008c28       0x5c CMakeFiles/LogicAnalyzer.dir/usr/share/pico-sdk/lib/tinyusb/src/device/usbd_control.c.o
 .text.tud_control_status
                0x10008c84       0x28 CMakeFiles/LogicAnalyzer.dir/usr/share/pico-sdk/lib/tinyusb/src/device/usbd_control.c.o
                0x10008c84                tud_control_status
 .text.tud_control_xfer
                0x10008cac       0xac CMakeFiles/LogicAnalyzer.dir/usr/share/pico-sdk/lib/tinyusb/src/device/usbd_control.c.o
                0x10008cac                tud_control_xfer
 .text.usbd_control_reset
                0x10008d58       0x14 CMakeFiles/LogicAnalyzer.dir/usr/share/pico-sdk/lib/tinyusb/src/device/usbd_control.c.o
                0x10008d58                usbd_control_reset
 .text.usbd_control_set_complete_callback
                0x10008d6c        0xc CMakeFiles/LogicAnalyzer.dir/usr/share/pico-sdk/lib/tinyusb/src/device/usbd_control.c.o
                0x10008d6c                usbd_control_set_complete_callback
 .text.usbd_control_set_request
                0x10008d78       0x1c CMakeFiles/LogicAnalyzer.dir/usr/share/pico-sdk/lib/tinyusb/src/device/usbd_control.c.o
                0x10008d78                usbd_control_set_request
 .text.usbd_control_xfer_cb
                0x10008d94      0x10c CMakeFiles/LogicAnalyzer.dir/usr/share/pico-sdk/lib/tinyusb/src/device/usbd_control.c.o
                0x10008d94                usbd_control_xfer_cb
 .text._prep_out_transaction
                0x10008ea0       0x94 CMakeFiles/LogicAnalyzer.dir/usr/share/pico-sdk/lib/tinyusb/src/class/cdc/cdc_device.c.o
 .text.tud_cdc_n_connected
                0x10008f34       0x34 CMakeFiles/LogicAnalyzer.dir/usr/share/pico-sdk/lib/tinyusb/src/class/cdc/cdc_device.c.o
                0x10008f34                tud_cdc_n_connected
 .text.tud_cdc_n_available
                0x10008f68       0x18 CMakeFiles/LogicAnalyzer.dir/usr/share/pico-sdk/lib/tinyusb/src/class/cdc/cdc_device.c.o
                0x10008f68                tud_cdc_n_available
 .text.tud_cdc_n_read
                0x10008f80       0x34 CMakeFiles/LogicAnalyzer.dir/usr/share/pico-sdk/lib/tinyusb/src/class/cdc/cdc_device.c.o
                0x10008f80                tud_cdc_n_read
 .text.tud_cdc_n_write_flush
                0x10008fb4       0xb8 CMakeFiles/LogicAnalyzer.dir/usr/share/pico-sdk/lib/tinyusb/src/class/cdc/cdc_device.c.o
                0x10008fb4                tud_cdc_n_write_flush
 .text.tud_cdc_n_write
                0x1000906c       0x44 CMakeFiles/LogicAnalyzer.dir/usr/share/pico-sdk/lib/tinyusb/src/class/cdc/cdc_device.c.o
                0x1000906c                tud_cdc_n_write
 .text.tud_cdc_n_write_available
                0x100090b0       0x1c CMakeFiles/LogicAnalyzer.dir/usr/share/pico-sdk/lib/tinyusb/src/class/cdc/cdc_device.c.o
                0x100090b0                tud_cdc_n_write_available
 .text.cdcd_init
                0x100090cc       0xa4 CMakeFiles/LogicAnalyzer.dir/usr/share/pico-sdk/lib/tinyusb/src/class/cdc/cdc_device.c.o
                0x100090cc                cdcd_init
 .text.cdcd_deinit
                0x10009170       0x40 CMakeFiles/LogicAnalyzer.dir/usr/share/pico-sdk/lib/tinyusb/src/class/cdc/cdc_device.c.o
                0x10009170                cdcd_deinit
 .text.cdcd_reset
                0x100091b0       0x78 CMakeFiles/LogicAnalyzer.dir/usr/share/pico-sdk/lib/tinyusb/src/class/cdc/cdc_device.c.o
                0x100091b0                cdcd_reset
 .text.cdcd_open
                0x10009228      0x124 CMakeFiles/LogicAnalyzer.dir/usr/share/pico-sdk/lib/tinyusb/src/class/cdc/cdc_device.c.o
                0x10009228                cdcd_open
 .text.cdcd_control_xfer_cb
                0x1000934c      0x120 CMakeFiles/LogicAnalyzer.dir/usr/share/pico-sdk/lib/tinyusb/src/class/cdc/cdc_device.c.o
                0x1000934c                cdcd_control_xfer_cb
 .text.cdcd_xfer_cb
                0x1000946c      0x138 CMakeFiles/LogicAnalyzer.dir/usr/share/pico-sdk/lib/tinyusb/src/class/cdc/cdc_device.c.o
                0x1000946c                cdcd_xfer_cb
 .text.tud_vendor_n_mounted
                0x100095a4       0x30 CMakeFiles/LogicAnalyzer.dir/usr/share/pico-sdk/lib/tinyusb/src/class/vendor/vendor_device.c.o
                0x100095a4                tud_vendor_n_mounted
 .text.tud_vendor_n_write_flush
                0x100095d4       0x20 CMakeFiles/LogicAnalyzer.dir/usr/share/pico-sdk/lib/tinyusb/src/class/vendor/vendor_device.c.o
                0x100095d4                tud_vendor_n_write_flush
 .text.vendord_init
                0x100095f4       0x90 CMakeFiles/LogicAnalyzer.dir/usr/share/pico-sdk/lib/tinyusb/src/class/vendor/vendor_device.c.o
                0x100095f4                vendord_init
 .text.vendord_deinit
                0x10009684       0x30 CMakeFiles/LogicAnalyzer.dir/usr/share/pico-sdk/lib/tinyusb/src/class/vendor/vendor_device.c.o
                0x10009684                vendord_deinit
 .text.vendord_reset
                0x100096b4       0x48 CMakeFiles/LogicAnalyzer.dir/usr/share/pico-sdk/lib/tinyusb/src/class/vendor/vendor_device.c.o
                0x100096b4                vendord_reset
 .text.vendord_open
                0x100096fc      0x144 CMakeFiles/LogicAnalyzer.dir/usr/share/pico-sdk/lib/tinyusb/src/class/vendor/vendor_device.c.o
                0x100096fc                vendord_open
 .text.vendord_xfer_cb
                0x10009840       0xb8 CMakeFiles/LogicAnalyzer.dir/usr/share/pico-sdk/lib/tinyusb/src/class/vendor/vendor_device.c.o
                0x10009840                vendord_xfer_cb
 .text.tusb_rhport_init
                0x100098f8       0xac CMakeFiles/LogicAnalyzer.dir/usr/share/pico-sdk/lib/tinyusb/src/tusb.c.o
                0x100098f8                tusb_rhport_init
 .text.tu_edpt_claim
                0x100099a4       0x50 CMakeFiles/LogicAnalyzer.dir/usr/share/pico-sdk/lib/tinyusb/src/tusb.c.o
                0x100099a4                tu_edpt_claim
 .text.tu_edpt_release
                0x100099f4       0x3c CMakeFiles/LogicAnalyzer.dir/usr/share/pico-sdk/lib/tinyusb/src/tusb.c.o
                0x100099f4                tu_edpt_release
 .text.tu_edpt_validate
                0x10009a30       0xe0 CMakeFiles/LogicAnalyzer.dir/usr/share/pico-sdk/lib/tinyusb/src/tusb.c.o
                0x10009a30                tu_edpt_validate
 .text.tu_edpt_bind_driver
                0x10009b10       0x4a CMakeFiles/LogicAnalyzer.dir/usr/share/pico-sdk/lib/tinyusb/src/tusb.c.o
                0x10009b10                tu_edpt_bind_driver
 .text.tu_edpt_stream_init
                0x10009b5a       0x54 CMakeFiles/LogicAnalyzer.dir/usr/share/pico-sdk/lib/tinyusb/src/tusb.c.o
                0x10009b5a                tu_edpt_stream_init
 .text.tu_edpt_stream_deinit
                0x10009bae        0x4 CMakeFiles/LogicAnalyzer.dir/usr/share/pico-sdk/lib/tinyusb/src/tusb.c.o
                0x10009bae                tu_edpt_stream_deinit
 *fill*         0x10009bb2        0x2 
 .text.tu_edpt_stream_write_zlp_if_needed
                0x10009bb4       0x90 CMakeFiles/LogicAnalyzer.dir/usr/share/pico-sdk/lib/tinyusb/src/tusb.c.o
                0x10009bb4                tu_edpt_stream_write_zlp_if_needed
 .text.tu_edpt_stream_write_xfer
                0x10009c44       0x98 CMakeFiles/LogicAnalyzer.dir/usr/share/pico-sdk/lib/tinyusb/src/tusb.c.o
                0x10009c44                tu_edpt_stream_write_xfer
 .text.tu_edpt_stream_read_xfer
                0x10009cdc      0x118 CMakeFiles/LogicAnalyzer.dir/usr/share/pico-sdk/lib/tinyusb/src/tusb.c.o
                0x10009cdc                tu_edpt_stream_read_xfer
 .text.advance_index
                0x10009df4       0x1a CMakeFiles/LogicAnalyzer.dir/usr/share/pico-sdk/lib/tinyusb/src/common/tusb_fifo.c.o
 .text._tu_fifo_peek
                0x10009e0e       0x62 CMakeFiles/LogicAnalyzer.dir/usr/share/pico-sdk/lib/tinyusb/src/common/tusb_fifo.c.o
 .text._ff_pull_n
                0x10009e70       0x68 CMakeFiles/LogicAnalyzer.dir/usr/share/pico-sdk/lib/tinyusb/src/common/tusb_fifo.c.o
 .text._tu_fifo_peek_n
                0x10009ed8       0x6a CMakeFiles/LogicAnalyzer.dir/usr/share/pico-sdk/lib/tinyusb/src/common/tusb_fifo.c.o
 .text._tu_fifo_read_n
                0x10009f42       0x4c CMakeFiles/LogicAnalyzer.dir/usr/share/pico-sdk/lib/tinyusb/src/common/tusb_fifo.c.o
 .text._ff_push_n
                0x10009f8e       0x66 CMakeFiles/LogicAnalyzer.dir/usr/share/pico-sdk/lib/tinyusb/src/common/tusb_fifo.c.o
 .text._tu_fifo_write_n
                0x10009ff4       0xf0 CMakeFiles/LogicAnalyzer.dir/usr/share/pico-sdk/lib/tinyusb/src/common/tusb_fifo.c.o
 .text.tu_fifo_config
                0x1000a0e4       0x62 CMakeFiles/LogicAnalyzer.dir/usr/share/pico-sdk/lib/tinyusb/src/common/tusb_fifo.c.o
                0x1000a0e4                tu_fifo_config
 .text.tu_fifo_count
                0x1000a146       0x28 CMakeFiles/LogicAnalyzer.dir/usr/share/pico-sdk/lib/tinyusb/src/common/tusb_fifo.c.o
                0x1000a146                tu_fifo_count
 .text.tu_fifo_empty
                0x1000a16e       0x12 CMakeFiles/LogicAnalyzer.dir/usr/share/pico-sdk/lib/tinyusb/src/common/tusb_fifo.c.o
                0x1000a16e                tu_fifo_empty
 .text.tu_fifo_full
                0x1000a180       0x28 CMakeFiles/LogicAnalyzer.dir/usr/share/pico-sdk/lib/tinyusb/src/common/tusb_fifo.c.o
                0x1000a180                tu_fifo_full
 .text.tu_fifo_remaining
                0x1000a1a8       0x2c CMakeFiles/LogicAnalyzer.dir/usr/share/pico-sdk/lib/tinyusb/src/common/tusb_fifo.c.o
                0x1000a1a8                tu_fifo_remaining
 .text.tu_fifo_read
                0x1000a1d4       0x3e CMakeFiles/LogicAnalyzer.dir/usr/share/pico-sdk/lib/tinyusb/src/common/tusb_fifo.c.o
                0x1000a1d4                tu_fifo_read
 .text.tu_fifo_read_n
                0x1000a212        0xa CMakeFiles/LogicAnalyzer.dir/usr/share/pico-sdk/lib/tinyusb/src/common/tusb_fifo.c.o
                0x1000a212                tu_fifo_read_n
 .text.tu_fifo_write
                0x1000a21c       0x5e CMakeFiles/LogicAnalyzer.dir/usr/share/pico-sdk/lib/tinyusb/src/common/tusb_fifo.c.o
                0x1000a21c                tu_fifo_write
 .text.tu_fifo_write_n
                0x1000a27a        0xa CMakeFiles/LogicAnalyzer.dir/usr/share/pico-sdk/lib/tinyusb/src/common/tusb_fifo.c.o
                0x1000a27a                tu_fifo_write_n
 .text.tu_fifo_clear
                0x1000a284       0x36 CMakeFiles/LogicAnalyzer.dir/usr/share/pico-sdk/lib/tinyusb/src/common/tusb_fifo.c.o
                0x1000a284                tu_fifo_clear
 .text.tu_fifo_set_overwritable
                0x1000a2ba       0x3a CMakeFiles/LogicAnalyzer.dir/usr/share/pico-sdk/lib/tinyusb/src/common/tusb_fifo.c.o
                0x1000a2ba                tu_fifo_set_overwritable
 .text.dma_channel_unclaim
                0x1000a2f4       0x10 CMakeFiles/LogicAnalyzer.dir/usr/share/pico-sdk/src/rp2_common/hardware_dma/dma.c.o
                0x1000a2f4                dma_channel_unclaim
 .text.dma_claim_unused_channel
                0x1000a304       0x24 CMakeFiles/LogicAnalyzer.dir/usr/share/pico-sdk/src/rp2_common/hardware_dma/dma.c.o
                0x1000a304                dma_claim_unused_channel
 .text.dma_channel_cleanup
                0x1000a328       0x5c CMakeFiles/LogicAnalyzer.dir/usr/share/pico-sdk/src/rp2_common/hardware_dma/dma.c.o
                0x1000a328                dma_channel_cleanup
 .text.pio_get_default_sm_config
                0x1000a384       0x24 CMakeFiles/LogicAnalyzer.dir/usr/share/pico-sdk/src/rp2_common/hardware_pio/pio.c.o
 .text.pio_set_gpio_base_unsafe
                0x1000a3a8       0x34 CMakeFiles/LogicAnalyzer.dir/usr/share/pico-sdk/src/rp2_common/hardware_pio/pio.c.o
 .text.is_gpio_compatible
                0x1000a3dc       0x22 CMakeFiles/LogicAnalyzer.dir/usr/share/pico-sdk/src/rp2_common/hardware_pio/pio.c.o
 .text.is_program_gpio_compatible
                0x1000a3fe        0xa CMakeFiles/LogicAnalyzer.dir/usr/share/pico-sdk/src/rp2_common/hardware_pio/pio.c.o
 .text.add_program_at_offset_check
                0x1000a408       0x54 CMakeFiles/LogicAnalyzer.dir/usr/share/pico-sdk/src/rp2_common/hardware_pio/pio.c.o
 .text.add_program_at_offset
                0x1000a45c       0x60 CMakeFiles/LogicAnalyzer.dir/usr/share/pico-sdk/src/rp2_common/hardware_pio/pio.c.o
 .text.find_offset_for_program
                0x1000a4bc       0x78 CMakeFiles/LogicAnalyzer.dir/usr/share/pico-sdk/src/rp2_common/hardware_pio/pio.c.o
 .text.pio_sm_unclaim
                0x1000a534       0x1c CMakeFiles/LogicAnalyzer.dir/usr/share/pico-sdk/src/rp2_common/hardware_pio/pio.c.o
                0x1000a534                pio_sm_unclaim
 .text.pio_claim_unused_sm
                0x1000a550       0x38 CMakeFiles/LogicAnalyzer.dir/usr/share/pico-sdk/src/rp2_common/hardware_pio/pio.c.o
                0x1000a550                pio_claim_unused_sm
 .text.pio_add_program
                0x1000a588       0x30 CMakeFiles/LogicAnalyzer.dir/usr/share/pico-sdk/src/rp2_common/hardware_pio/pio.c.o
                0x1000a588                pio_add_program
 .text.pio_remove_program
                0x1000a5b8       0x54 CMakeFiles/LogicAnalyzer.dir/usr/share/pico-sdk/src/rp2_common/hardware_pio/pio.c.o
                0x1000a5b8                pio_remove_program
 .text.pio_clear_instruction_memory
                0x1000a60c       0x38 CMakeFiles/LogicAnalyzer.dir/usr/share/pico-sdk/src/rp2_common/hardware_pio/pio.c.o
                0x1000a60c                pio_clear_instruction_memory
 .text.pio_sm_set_pins
                0x1000a644       0x76 CMakeFiles/LogicAnalyzer.dir/usr/share/pico-sdk/src/rp2_common/hardware_pio/pio.c.o
                0x1000a644                pio_sm_set_pins
 .text.pio_sm_set_pindirs_with_mask
                0x1000a6ba       0x72 CMakeFiles/LogicAnalyzer.dir/usr/share/pico-sdk/src/rp2_common/hardware_pio/pio.c.o
                0x1000a6ba                pio_sm_set_pindirs_with_mask
 .text.pio_sm_set_pindirs_with_mask64
                0x1000a72c        0xa CMakeFiles/LogicAnalyzer.dir/usr/share/pico-sdk/src/rp2_common/hardware_pio/pio.c.o
                0x1000a72c                pio_sm_set_pindirs_with_mask64
 .text.pio_sm_set_consecutive_pindirs
                0x1000a736       0x9e CMakeFiles/LogicAnalyzer.dir/usr/share/pico-sdk/src/rp2_common/hardware_pio/pio.c.o
                0x1000a736                pio_sm_set_consecutive_pindirs
 .text.pio_sm_init
                0x1000a7d4       0xac CMakeFiles/LogicAnalyzer.dir/usr/share/pico-sdk/src/rp2_common/hardware_pio/pio.c.o
                0x1000a7d4                pio_sm_init
 .text.pio_claim_free_sm_and_add_program_for_gpio_range
                0x1000a880       0xee CMakeFiles/LogicAnalyzer.dir/usr/share/pico-sdk/src/rp2_common/hardware_pio/pio.c.o
                0x1000a880                pio_claim_free_sm_and_add_program_for_gpio_range
 .text.pio_remove_program_and_unclaim_sm
                0x1000a96e       0x1a CMakeFiles/LogicAnalyzer.dir/usr/share/pico-sdk/src/rp2_common/hardware_pio/pio.c.o
                0x1000a96e                pio_remove_program_and_unclaim_sm
 .text.adc_init
                0x1000a988       0x34 CMakeFiles/LogicAnalyzer.dir/usr/share/pico-sdk/src/rp2_common/hardware_adc/adc.c.o
                0x1000a988                adc_init
 .text.exception_is_compile_time_default
                0x1000a9bc       0x20 CMakeFiles/LogicAnalyzer.dir/usr/share/pico-sdk/src/rp2_common/hardware_exception/exception.c.o
 .text.set_raw_exception_handler_and_restore_interrupts
                0x1000a9dc       0x18 CMakeFiles/LogicAnalyzer.dir/usr/share/pico-sdk/src/rp2_common/hardware_exception/exception.c.o
 .text.exception_get_vtable_handler
                0x1000a9f4       0x10 CMakeFiles/LogicAnalyzer.dir/usr/share/pico-sdk/src/rp2_common/hardware_exception/exception.c.o
                0x1000a9f4                exception_get_vtable_handler
 .text.exception_set_exclusive_handler
                0x1000aa04       0x44 CMakeFiles/LogicAnalyzer.dir/usr/share/pico-sdk/src/rp2_common/hardware_exception/exception.c.o
                0x1000aa04                exception_set_exclusive_handler
 .text.exception_restore_handler
                0x1000aa48       0x38 CMakeFiles/LogicAnalyzer.dir/usr/share/pico-sdk/src/rp2_common/hardware_exception/exception.c.o
                0x1000aa48                exception_restore_handler
 .text.core1_trampoline
                0x1000aa80        0x2 CMakeFiles/LogicAnalyzer.dir/usr/share/pico-sdk/src/rp2_common/pico_multicore/multicore.c.o
 *fill*         0x1000aa82        0x2 
 .text.update_lockout_request_id
                0x1000aa84       0x10 CMakeFiles/LogicAnalyzer.dir/usr/share/pico-sdk/src/rp2_common/pico_multicore/multicore.c.o
 .text.core1_wrapper
                0x1000aa94        0xc CMakeFiles/LogicAnalyzer.dir/usr/share/pico-sdk/src/rp2_common/pico_multicore/multicore.c.o
                0x1000aa94                core1_wrapper
 .text.check_lockout_mutex_init
                0x1000aaa0       0x24 CMakeFiles/LogicAnalyzer.dir/usr/share/pico-sdk/src/rp2_common/pico_multicore/multicore.c.o
 .text.multicore_lockout_end_block_until
                0x1000aac4       0x44 CMakeFiles/LogicAnalyzer.dir/usr/share/pico-sdk/src/rp2_common/pico_multicore/multicore.c.o
 .text.multicore_fifo_push_blocking
                0x1000ab08       0x16 CMakeFiles/LogicAnalyzer.dir/usr/share/pico-sdk/src/rp2_common/pico_multicore/multicore.c.o
                0x1000ab08                multicore_fifo_push_blocking
 *fill*         0x1000ab1e        0x2 
 .text.multicore_fifo_push_timeout_us
                0x1000ab20       0x64 CMakeFiles/LogicAnalyzer.dir/usr/share/pico-sdk/src/rp2_common/pico_multicore/multicore.c.o
                0x1000ab20                multicore_fifo_push_timeout_us
 .text.multicore_fifo_pop_blocking
                0x1000ab84       0x18 CMakeFiles/LogicAnalyzer.dir/usr/share/pico-sdk/src/rp2_common/pico_multicore/multicore.c.o
                0x1000ab84                multicore_fifo_pop_blocking
 .text.multicore_fifo_pop_timeout_us
                0x1000ab9c       0x48 CMakeFiles/LogicAnalyzer.dir/usr/share/pico-sdk/src/rp2_common/pico_multicore/multicore.c.o
                0x1000ab9c                multicore_fifo_pop_timeout_us
 .text.multicore_lockout_handshake
                0x1000abe4       0x76 CMakeFiles/LogicAnalyzer.dir/usr/share/pico-sdk/src/rp2_common/pico_multicore/multicore.c.o
 *fill*         0x1000ac5a        0x2 
 .text.multicore_lockout_start_block_until
                0x1000ac5c       0x40 CMakeFiles/LogicAnalyzer.dir/usr/share/pico-sdk/src/rp2_common/pico_multicore/multicore.c.o
 .text.multicore_launch_core1_raw
                0x1000ac9c       0x7a CMakeFiles/LogicAnalyzer.dir/usr/share/pico-sdk/src/rp2_common/pico_multicore/multicore.c.o
                0x1000ac9c                multicore_launch_core1_raw
 *fill*         0x1000ad16        0x2 
 .text.multicore_launch_core1_with_stack
                0x1000ad18       0x50 CMakeFiles/LogicAnalyzer.dir/usr/share/pico-sdk/src/rp2_common/pico_multicore/multicore.c.o
                0x1000ad18                multicore_launch_core1_with_stack
 .text.multicore_launch_core1
                0x1000ad68       0x24 CMakeFiles/LogicAnalyzer.dir/usr/share/pico-sdk/src/rp2_common/pico_multicore/multicore.c.o
                0x1000ad68                multicore_launch_core1
 .text.multicore_lockout_victim_init
                0x1000ad8c       0x2c CMakeFiles/LogicAnalyzer.dir/usr/share/pico-sdk/src/rp2_common/pico_multicore/multicore.c.o
                0x1000ad8c                multicore_lockout_victim_init
 .text.multicore_lockout_start_timeout_us
                0x1000adb8       0x24 CMakeFiles/LogicAnalyzer.dir/usr/share/pico-sdk/src/rp2_common/pico_multicore/multicore.c.o
                0x1000adb8                multicore_lockout_start_timeout_us
 .text.multicore_lockout_end_timeout_us
                0x1000addc       0x24 CMakeFiles/LogicAnalyzer.dir/usr/share/pico-sdk/src/rp2_common/pico_multicore/multicore.c.o
                0x1000addc                multicore_lockout_end_timeout_us
 .text.SystemCoreClockUpdate
                0x1000ae00       0x14 CMakeFiles/LogicAnalyzer.dir/usr/share/pico-sdk/src/rp2_common/cmsis/stub/CMSIS/Device/RP2350/Source/system_RP2350.c.o
                0x1000ae00                SystemCoreClockUpdate
 .text.SystemInit
                0x1000ae14        0x8 CMakeFiles/LogicAnalyzer.dir/usr/share/pico-sdk/src/rp2_common/cmsis/stub/CMSIS/Device/RP2350/Source/system_RP2350.c.o
                0x1000ae14                SystemInit
 .text.lwip_timeout_reached
                0x1000ae1c       0x2c CMakeFiles/LogicAnalyzer.dir/usr/share/pico-sdk/src/rp2_common/pico_lwip/lwip_nosys.c.o
 .text.update_next_timeout
                0x1000ae48       0x98 CMakeFiles/LogicAnalyzer.dir/usr/share/pico-sdk/src/rp2_common/pico_lwip/lwip_nosys.c.o
 .text.lwip_nosys_init
                0x1000aee0       0x30 CMakeFiles/LogicAnalyzer.dir/usr/share/pico-sdk/src/rp2_common/pico_lwip/lwip_nosys.c.o
                0x1000aee0                lwip_nosys_init
 .text.lwip_nosys_deinit
                0x1000af10       0x20 CMakeFiles/LogicAnalyzer.dir/usr/share/pico-sdk/src/rp2_common/pico_lwip/lwip_nosys.c.o
                0x1000af10                lwip_nosys_deinit
 .text.sys_arch_protect
                0x1000af30        0x4 CMakeFiles/LogicAnalyzer.dir/usr/share/pico-sdk/src/rp2_common/pico_lwip/lwip_nosys.c.o
                0x1000af30                sys_arch_protect
 .text.sys_arch_unprotect
                0x1000af34        0x2 CMakeFiles/LogicAnalyzer.dir/usr/share/pico-sdk/src/rp2_common/pico_lwip/lwip_nosys.c.o
                0x1000af34                sys_arch_unprotect
 *fill*         0x1000af36        0x2 
 .text.sys_now  0x1000af38       0x24 CMakeFiles/LogicAnalyzer.dir/usr/share/pico-sdk/src/rp2_common/pico_lwip/lwip_nosys.c.o
                0x1000af38                sys_now
 .text.async_context_base_add_at_time_worker
                0x1000af5c       0x20 CMakeFiles/LogicAnalyzer.dir/usr/share/pico-sdk/src/rp2_common/pico_async_context/async_context_base.c.o
                0x1000af5c                async_context_base_add_at_time_worker
 .text.async_context_base_remove_at_time_worker
                0x1000af7c       0x20 CMakeFiles/LogicAnalyzer.dir/usr/share/pico-sdk/src/rp2_common/pico_async_context/async_context_base.c.o
                0x1000af7c                async_context_base_remove_at_time_worker
 .text.async_context_base_add_when_pending_worker
                0x1000af9c       0x1e CMakeFiles/LogicAnalyzer.dir/usr/share/pico-sdk/src/rp2_common/pico_async_context/async_context_base.c.o
                0x1000af9c                async_context_base_add_when_pending_worker
 .text.async_context_base_remove_when_pending_worker
                0x1000afba       0x1e CMakeFiles/LogicAnalyzer.dir/usr/share/pico-sdk/src/rp2_common/pico_async_context/async_context_base.c.o
                0x1000afba                async_context_base_remove_when_pending_worker
 .text.async_context_base_remove_ready_at_time_worker
                0x1000afd8       0x70 CMakeFiles/LogicAnalyzer.dir/usr/share/pico-sdk/src/rp2_common/pico_async_context/async_context_base.c.o
                0x1000afd8                async_context_base_remove_ready_at_time_worker
 .text.async_context_base_refresh_next_timeout
                0x1000b048       0x3c CMakeFiles/LogicAnalyzer.dir/usr/share/pico-sdk/src/rp2_common/pico_async_context/async_context_base.c.o
                0x1000b048                async_context_base_refresh_next_timeout
 .text.async_context_base_execute_once
                0x1000b084       0x40 CMakeFiles/LogicAnalyzer.dir/usr/share/pico-sdk/src/rp2_common/pico_async_context/async_context_base.c.o
                0x1000b084                async_context_base_execute_once
 .text.splitmix64
                0x1000b0c4       0x74 CMakeFiles/LogicAnalyzer.dir/usr/share/pico-sdk/src/rp2_common/pico_rand/rand.c.o
 .text.capture_additional_trng_samples
                0x1000b138       0xa4 CMakeFiles/LogicAnalyzer.dir/usr/share/pico-sdk/src/rp2_common/pico_rand/rand.c.o
 .text.xoroshiro128ss
                0x1000b1dc       0x98 CMakeFiles/LogicAnalyzer.dir/usr/share/pico-sdk/src/rp2_common/pico_rand/rand.c.o
 .text.initialise_rand
                0x1000b274       0xb4 CMakeFiles/LogicAnalyzer.dir/usr/share/pico-sdk/src/rp2_common/pico_rand/rand.c.o
 .text.get_rand_64
                0x1000b328       0xd4 CMakeFiles/LogicAnalyzer.dir/usr/share/pico-sdk/src/rp2_common/pico_rand/rand.c.o
                0x1000b328                get_rand_64
 .text.get_rand_32
                0x1000b3fc        0x8 CMakeFiles/LogicAnalyzer.dir/usr/share/pico-sdk/src/rp2_common/pico_rand/rand.c.o
                0x1000b3fc                get_rand_32
 .text.lwip_init
                0x1000b404       0x24 CMakeFiles/LogicAnalyzer.dir/usr/share/pico-sdk/lib/lwip/src/core/init.c.o
                0x1000b404                lwip_init
 .text.lwip_htons
                0x1000b428        0xa CMakeFiles/LogicAnalyzer.dir/usr/share/pico-sdk/lib/lwip/src/core/def.c.o
                0x1000b428                lwip_htons
 .text.lwip_htonl
                0x1000b432       0x18 CMakeFiles/LogicAnalyzer.dir/usr/share/pico-sdk/lib/lwip/src/core/def.c.o
                0x1000b432                lwip_htonl
 *fill*         0x1000b44a        0x2 
 .text.dns_backupserver_available
                0x1000b44c       0x24 CMakeFiles/LogicAnalyzer.dir/usr/share/pico-sdk/lib/lwip/src/core/dns.c.o
 .text.dns_create_txid
                0x1000b470       0x38 CMakeFiles/LogicAnalyzer.dir/usr/share/pico-sdk/lib/lwip/src/core/dns.c.o
 .text.dns_call_found
                0x1000b4a8       0xe8 CMakeFiles/LogicAnalyzer.dir/usr/share/pico-sdk/lib/lwip/src/core/dns.c.o
 .text.dns_send
                0x1000b590      0x174 CMakeFiles/LogicAnalyzer.dir/usr/share/pico-sdk/lib/lwip/src/core/dns.c.o
 .text.dns_check_entry
                0x1000b704      0x11c CMakeFiles/LogicAnalyzer.dir/usr/share/pico-sdk/lib/lwip/src/core/dns.c.o
 .text.dns_check_entries
                0x1000b820       0x16 CMakeFiles/LogicAnalyzer.dir/usr/share/pico-sdk/lib/lwip/src/core/dns.c.o
 .text.dns_init
                0x1000b836        0x2 CMakeFiles/LogicAnalyzer.dir/usr/share/pico-sdk/lib/lwip/src/core/dns.c.o
                0x1000b836                dns_init
 .text.dns_setserver
                0x1000b838       0x28 CMakeFiles/LogicAnalyzer.dir/usr/share/pico-sdk/lib/lwip/src/core/dns.c.o
                0x1000b838                dns_setserver
 .text.dns_tmr  0x1000b860        0x8 CMakeFiles/LogicAnalyzer.dir/usr/share/pico-sdk/lib/lwip/src/core/dns.c.o
                0x1000b860                dns_tmr
 .text.lwip_standard_chksum